Component: Arm Compiler for Embedded 6.22 Tool: armlink [5ee90200]

==============================================================================

Section Cross References

    startup_stm32l476xx.o(STACK) refers (Special) to heapauxi.o(.text) for __use_two_region_memory
    startup_stm32l476xx.o(HEAP) refers (Special) to heapauxi.o(.text) for __use_two_region_memory
    startup_stm32l476xx.o(RESET) refers (Special) to heapauxi.o(.text) for __use_two_region_memory
    startup_stm32l476xx.o(RESET) refers to startup_stm32l476xx.o(STACK) for __initial_sp
    startup_stm32l476xx.o(RESET) refers to startup_stm32l476xx.o(.text) for Reset_Handler
    startup_stm32l476xx.o(RESET) refers to main_basic.o(.text.SysTick_Handler) for SysTick_Handler
    startup_stm32l476xx.o(RESET) refers to main_basic.o(.text.TIM4_IRQHandler) for TIM4_IRQHandler
    startup_stm32l476xx.o(RESET) refers to i2c.o(.text.I2C1_EV_IRQHandler) for I2C1_EV_IRQHandler
    startup_stm32l476xx.o(RESET) refers to i2c.o(.text.I2C1_ER_IRQHandler) for I2C1_ER_IRQHandler
    startup_stm32l476xx.o(.text) refers (Special) to heapauxi.o(.text) for __use_two_region_memory
    startup_stm32l476xx.o(.text) refers to __main.o(!!!main) for __main
    startup_stm32l476xx.o(.text) refers to startup_stm32l476xx.o(HEAP) for Heap_Mem
    startup_stm32l476xx.o(.text) refers to startup_stm32l476xx.o(STACK) for Stack_Mem
    main_basic.o(.text) refers (Special) to _printf_percent.o(.ARM.Collect$$_printf_percent$$00000000) for _printf_percent
    main_basic.o(.text) refers (Special) to _printf_f.o(.ARM.Collect$$_printf_percent$$00000003) for _printf_f
    main_basic.o(.text) refers (Special) to printf1.o(x$fpl$printf1) for _printf_fp_dec
    main_basic.o(.text.enable_HSI) refers (Special) to _printf_percent.o(.ARM.Collect$$_printf_percent$$00000000) for _printf_percent
    main_basic.o(.text.enable_HSI) refers (Special) to _printf_f.o(.ARM.Collect$$_printf_percent$$00000003) for _printf_f
    main_basic.o(.text.enable_HSI) refers (Special) to printf1.o(x$fpl$printf1) for _printf_fp_dec
    main_basic.o(.ARM.exidx.text.enable_HSI) refers (Special) to _printf_percent.o(.ARM.Collect$$_printf_percent$$00000000) for _printf_percent
    main_basic.o(.ARM.exidx.text.enable_HSI) refers (Special) to _printf_f.o(.ARM.Collect$$_printf_percent$$00000003) for _printf_f
    main_basic.o(.ARM.exidx.text.enable_HSI) refers (Special) to printf1.o(x$fpl$printf1) for _printf_fp_dec
    main_basic.o(.ARM.exidx.text.enable_HSI) refers to main_basic.o(.text.enable_HSI) for [Anonymous Symbol]
    main_basic.o(.text.GPIO_Init) refers (Special) to _printf_percent.o(.ARM.Collect$$_printf_percent$$00000000) for _printf_percent
    main_basic.o(.text.GPIO_Init) refers (Special) to _printf_f.o(.ARM.Collect$$_printf_percent$$00000003) for _printf_f
    main_basic.o(.text.GPIO_Init) refers (Special) to printf1.o(x$fpl$printf1) for _printf_fp_dec
    main_basic.o(.ARM.exidx.text.GPIO_Init) refers (Special) to _printf_percent.o(.ARM.Collect$$_printf_percent$$00000000) for _printf_percent
    main_basic.o(.ARM.exidx.text.GPIO_Init) refers (Special) to _printf_f.o(.ARM.Collect$$_printf_percent$$00000003) for _printf_f
    main_basic.o(.ARM.exidx.text.GPIO_Init) refers (Special) to printf1.o(x$fpl$printf1) for _printf_fp_dec
    main_basic.o(.ARM.exidx.text.GPIO_Init) refers to main_basic.o(.text.GPIO_Init) for [Anonymous Symbol]
    main_basic.o(.text.TIM3_Init) refers (Special) to _printf_percent.o(.ARM.Collect$$_printf_percent$$00000000) for _printf_percent
    main_basic.o(.text.TIM3_Init) refers (Special) to _printf_f.o(.ARM.Collect$$_printf_percent$$00000003) for _printf_f
    main_basic.o(.text.TIM3_Init) refers (Special) to printf1.o(x$fpl$printf1) for _printf_fp_dec
    main_basic.o(.ARM.exidx.text.TIM3_Init) refers (Special) to _printf_percent.o(.ARM.Collect$$_printf_percent$$00000000) for _printf_percent
    main_basic.o(.ARM.exidx.text.TIM3_Init) refers (Special) to _printf_f.o(.ARM.Collect$$_printf_percent$$00000003) for _printf_f
    main_basic.o(.ARM.exidx.text.TIM3_Init) refers (Special) to printf1.o(x$fpl$printf1) for _printf_fp_dec
    main_basic.o(.ARM.exidx.text.TIM3_Init) refers to main_basic.o(.text.TIM3_Init) for [Anonymous Symbol]
    main_basic.o(.text.TIM4_Init) refers (Special) to _printf_percent.o(.ARM.Collect$$_printf_percent$$00000000) for _printf_percent
    main_basic.o(.text.TIM4_Init) refers (Special) to _printf_f.o(.ARM.Collect$$_printf_percent$$00000003) for _printf_f
    main_basic.o(.text.TIM4_Init) refers (Special) to printf1.o(x$fpl$printf1) for _printf_fp_dec
    main_basic.o(.ARM.exidx.text.TIM4_Init) refers (Special) to _printf_percent.o(.ARM.Collect$$_printf_percent$$00000000) for _printf_percent
    main_basic.o(.ARM.exidx.text.TIM4_Init) refers (Special) to _printf_f.o(.ARM.Collect$$_printf_percent$$00000003) for _printf_f
[...]
    libinit2.o(.ARM.Collect$$libinit$$00000018) refers to libinit2.o(.ARM.Collect$$libinit$$00000011) for .ARM.Collect$$libinit$$00000011
    libinit2.o(.ARM.Collect$$libinit$$00000018) refers (Weak) to lc_numeric_c.o(locale$$code) for _get_lc_numeric
    libinit2.o(.ARM.Collect$$libinit$$0000001A) refers to libinit2.o(.ARM.Collect$$libinit$$00000011) for .ARM.Collect$$libinit$$00000011
    libinit2.o(.ARM.Collect$$libinit$$00000028) refers to argv_veneer.o(.emb_text) for __ARM_argv_veneer
    libinit2.o(.ARM.Collect$$libinit$$00000029) refers to argv_veneer.o(.emb_text) for __ARM_argv_veneer
    rtexit.o(.ARM.Collect$$rtexit$$00000000) refers (Special) to rtexit2.o(.ARM.Collect$$rtexit$$00000004) for __rt_exit_exit
    rtexit.o(.ARM.Collect$$rtexit$$00000000) refers (Special) to rtexit2.o(.ARM.Collect$$rtexit$$00000003) for __rt_exit_ls
    rtexit.o(.ARM.Collect$$rtexit$$00000000) refers (Special) to rtexit2.o(.ARM.Collect$$rtexit$$00000002) for __rt_exit_prels_1
    rtexit.o(.ARM.exidx) refers (Special) to rtexit2.o(.ARM.Collect$$rtexit$$00000004) for __rt_exit_exit
    rtexit.o(.ARM.exidx) refers (Special) to rtexit2.o(.ARM.Collect$$rtexit$$00000003) for __rt_exit_ls
    rtexit.o(.ARM.exidx) refers (Special) to rtexit2.o(.ARM.Collect$$rtexit$$00000002) for __rt_exit_prels_1
    rtexit.o(.ARM.exidx) refers to rtexit.o(.ARM.Collect$$rtexit$$00000000) for .ARM.Collect$$rtexit$$00000000
    argv_veneer.o(.emb_text) refers to no_argv.o(.text) for __ARM_get_argv
    rtexit2.o(.ARM.Collect$$rtexit$$00000003) refers to libshutdown.o(.ARM.Collect$$libshutdown$$00000000) for __rt_lib_shutdown
    rtexit2.o(.ARM.Collect$$rtexit$$00000004) refers to sys_exit.o(.text) for _sys_exit
    rtexit2.o(.ARM.exidx) refers to rtexit2.o(.ARM.Collect$$rtexit$$00000001) for .ARM.Collect$$rtexit$$00000001
    rtexit2.o(.ARM.exidx) refers to rtexit2.o(.ARM.Collect$$rtexit$$00000003) for .ARM.Collect$$rtexit$$00000003
    rtexit2.o(.ARM.exidx) refers to rtexit2.o(.ARM.Collect$$rtexit$$00000004) for .ARM.Collect$$rtexit$$00000004
    _get_argv_nomalloc.o(.text) refers (Special) to hrguard.o(.text) for __heap_region$guard
    _get_argv_nomalloc.o(.text) refers to defsig_rtmem_outer.o(.text) for __rt_SIGRTMEM
    _get_argv_nomalloc.o(.text) refers to sys_command.o(.text) for _sys_command_string
    sys_command.o(.text) refers (Special) to use_no_semi.o(.text) for __I$use$semihosting
    sys_command.o(.text) refers (Special) to indicate_semi.o(.text) for __semihosting_library_function
    sys_exit.o(.text) refers (Special) to use_no_semi.o(.text) for __I$use$semihosting
    sys_exit.o(.text) refers (Special) to indicate_semi.o(.text) for __semihosting_library_function
    sys_command_hlt.o(.text) refers (Special) to use_no_semi.o(.text) for __I$use$semihosting
    sys_command_hlt.o(.text) refers (Special) to indicate_semi.o(.text) for __semihosting_library_function
    sys_exit_hlt.o(.text) refers (Special) to use_no_semi.o(.text) for __I$use$semihosting
    sys_exit_hlt.o(.text) refers (Special) to indicate_semi.o(.text) for __semihosting_library_function
    defsig_rtmem_outer.o(.text) refers to defsig_rtmem_inner.o(.text) for __rt_SIGRTMEM_inner
    defsig_rtmem_outer.o(.text) refers to defsig_exit.o(.text) for __sig_exit
    defsig_rtmem_formal.o(.text) refers to rt_raise.o(.text) for __rt_raise
    libshutdown.o(.ARM.Collect$$libshutdown$$00000000) refers (Special) to libshutdown2.o(.ARM.Collect$$libshutdown$$00000002) for __rt_lib_shutdown_cpp_1
    libshutdown.o(.ARM.Collect$$libshutdown$$00000000) refers (Special) to libshutdown2.o(.ARM.Collect$$libshutdown$$00000007) for __rt_lib_shutdown_fp_trap_1
    libshutdown.o(.ARM.Collect$$libshutdown$$00000000) refers (Special) to libshutdown2.o(.ARM.Collect$$libshutdown$$0000000F) for __rt_lib_shutdown_heap_1
    libshutdown.o(.ARM.Collect$$libshutdown$$00000000) refers (Special) to libshutdown2.o(.ARM.Collect$$libshutdown$$00000010) for __rt_lib_shutdown_return
    libshutdown.o(.ARM.Collect$$libshutdown$$00000000) refers (Special) to libshutdown2.o(.ARM.Collect$$libshutdown$$0000000A) for __rt_lib_shutdown_signal_1
    libshutdown.o(.ARM.Collect$$libshutdown$$00000000) refers (Special) to libshutdown2.o(.ARM.Collect$$libshutdown$$00000004) for __rt_lib_shutdown_stdio_1
    libshutdown.o(.ARM.Collect$$libshutdown$$00000000) refers (Special) to libshutdown2.o(.ARM.Collect$$libshutdown$$0000000C) for __rt_lib_shutdown_user_alloc_1
    rt_raise.o(.text) refers to __raise.o(.text) for __raise
    rt_raise.o(.text) refers to sys_exit.o(.text) for _sys_exit
    defsig_exit.o(.text) refers to sys_exit.o(.text) for _sys_exit
    defsig_rtmem_inner.o(.text) refers to defsig_general.o(.text) for __default_signal_display
    __raise.o(.text) refers to defsig.o(CL$$defsig) for __default_signal_handler
    defsig_general.o(.text) refers to sys_wrch.o(.text) for _ttywrch
    sys_wrch.o(.text) refers (Special) to use_no_semi.o(.text) for __I$use$semihosting
    sys_wrch.o(.text) refers (Special) to indicate_semi.o(.text) for __semihosting_library_function
    sys_wrch_hlt.o(.text) refers (Special) to use_no_semi.o(.text) for __I$use$semihosting
    sys_wrch_hlt.o(.text) refers (Special) to indicate_semi.o(.text) for __semihosting_library_function
    defsig.o(CL$$defsig) refers to defsig_rtmem_inner.o(.text) for __rt_SIGRTMEM_inner
    defsig_abrt_inner.o(.text) refers to defsig_general.o(.text) for __default_signal_display
    defsig_fpe_inner.o(.text) refers to defsig_general.o(.text) for __default_signal_display
    defsig_rtred_inner.o(.text) refers to defsig_general.o(.text) for __default_signal_display
    defsig_stak_inner.o(.text) refers to defsig_general.o(.text) for __default_signal_display
    defsig_pvfn_inner.o(.text) refers to defsig_general.o(.text) for __default_signal_display
    defsig_cppl_inner.o(.text) refers to defsig_general.o(.text) for __default_signal_display
    defsig_segv_inner.o(.text) refers to defsig_general.o(.text) for __default_signal_display
    defsig_other.o(.text) refers to defsig_general.o(.text) for __default_signal_display


==============================================================================

Removing Unused input sections from the image.

    Removing main_basic.o(.text), (0 bytes).
    Removing main_basic.o(.text.enable_HSI), (54 bytes).
    Removing main_basic.o(.ARM.exidx.text.enable_HSI), (8 bytes).
    Removing main_basic.o(.text.GPIO_Init), (74 bytes).
    Removing main_basic.o(.ARM.exidx.text.GPIO_Init), (8 bytes).
    Removing main_basic.o(.text.TIM3_Init), (60 bytes).
    Removing main_basic.o(.ARM.exidx.text.TIM3_Init), (8 bytes).
    Removing main_basic.o(.text.TIM4_Init), (110 bytes).
    Removing main_basic.o(.ARM.exidx.text.TIM4_Init), (8 bytes).
    Removing main_basic.o(.ARM.exidx.text.TIM4_IRQHandler), (8 bytes).
    Removing main_basic.o(.text.SysTick_Initialize), (56 bytes).
    Removing main_basic.o(.ARM.exidx.text.SysTick_Initialize), (8 bytes).
    Removing main_basic.o(.ARM.exidx.text.initialize_controller), (8 bytes).
    Removing main_basic.o(.ARM.exidx.text.SysTick_Handler), (8 bytes).
    Removing main_basic.o(.text.Delay), (20 bytes).
    Removing main_basic.o(.ARM.exidx.text.Delay), (8 bytes).
    Removing main_basic.o(.ARM.exidx.text.main), (8 bytes).
    Removing main_basic.o(.ARM.use_no_argv), (4 bytes).
    Removing ssd1306.o(.text), (0 bytes).
    Removing ssd1306.o(.text.ssd1306_Reset), (2 bytes).
    Removing ssd1306.o(.ARM.exidx.text.ssd1306_Reset), (8 bytes).
    Removing ssd1306.o(.text.ssd1306_WriteCommand), (38 bytes).
    Removing ssd1306.o(.ARM.exidx.text.ssd1306_WriteCommand), (8 bytes).
    Removing ssd1306.o(.text.ssd1306_WriteData), (58 bytes).
    Removing ssd1306.o(.ARM.exidx.text.ssd1306_WriteData), (8 bytes).
    Removing ssd1306.o(.text.ssd1306_FillBuffer), (32 bytes).
    Removing ssd1306.o(.ARM.exidx.text.ssd1306_FillBuffer), (8 bytes).
    Removing ssd1306.o(.ARM.exidx.text.ssd1306_Init), (8 bytes).
    Removing ssd1306.o(.text.ssd1306_SetDisplayOn), (64 bytes).
    Removing ssd1306.o(.ARM.exidx.text.ssd1306_SetDisplayOn), (8 bytes).
    Removing ssd1306.o(.text.ssd1306_SetContrast), (62 bytes).
    Removing ssd1306.o(.ARM.exidx.text.ssd1306_SetContrast), (8 bytes).
    Removing ssd1306.o(.ARM.exidx.text.ssd1306_Fill), (8 bytes).
    Removing ssd1306.o(.ARM.exidx.text.ssd1306_UpdateScreen), (8 bytes).
    Removing ssd1306.o(.text.ssd1306_DrawPixel), (56 bytes).
    Removing ssd1306.o(.ARM.exidx.text.ssd1306_DrawPixel), (8 bytes).
    Removing ssd1306.o(.ARM.exidx.text.ssd1306_WriteChar), (8 bytes).
    Removing ssd1306.o(.ARM.exidx.text.ssd1306_WriteString), (8 bytes).
    Removing ssd1306.o(.ARM.exidx.text.ssd1306_SetCursor), (8 bytes).
    Removing ssd1306.o(.text.ssd1306_Line), (250 bytes).
    Removing ssd1306.o(.ARM.exidx.text.ssd1306_Line), (8 bytes).
    Removing ssd1306.o(.text.ssd1306_Polyline), (52 bytes).
    Removing ssd1306.o(.ARM.exidx.text.ssd1306_Polyline), (8 bytes).
    Removing ssd1306.o(.text.ssd1306_DrawArc), (366 bytes).
    Removing ssd1306.o(.ARM.exidx.text.ssd1306_DrawArc), (8 bytes).
    Removing ssd1306.o(.text.ssd1306_DrawCircle), (396 bytes).
    Removing ssd1306.o(.ARM.exidx.text.ssd1306_DrawCircle), (8 bytes).
    Removing ssd1306.o(.text.ssd1306_DrawRectangle), (82 bytes).
    Removing ssd1306.o(.ARM.exidx.text.ssd1306_DrawRectangle), (8 bytes).
    Removing ssd1306.o(.text.ssd1306_GetDisplayOn), (12 bytes).
    Removing ssd1306.o(.ARM.exidx.text.ssd1306_GetDisplayOn), (8 bytes).
    Removing ssd1306_fonts.o(.text), (0 bytes).
    Removing ssd1306_fonts.o(.rodata.Font6x8), (1520 bytes).
    Removing ssd1306_fonts.o(.data.Font_6x8), (8 bytes).
    Removing ssd1306_fonts.o(.data.Font_11x18), (8 bytes).
    Removing ssd1306_fonts.o(.rodata.Font11x18), (3420 bytes).
    Removing ssd1306_tests.o(.text), (0 bytes).
    Removing ssd1306_tests.o(.text.delay), (42 bytes).
    Removing ssd1306_tests.o(.ARM.exidx.text.delay), (8 bytes).
    Removing ssd1306_tests.o(.text.ssd1306_TestFonts), (176 bytes).
    Removing ssd1306_tests.o(.ARM.exidx.text.ssd1306_TestFonts), (8 bytes).
    Removing ssd1306_tests.o(.text.ssd1306_TestLine), (44 bytes).
    Removing ssd1306_tests.o(.ARM.exidx.text.ssd1306_TestLine), (8 bytes).
    Removing ssd1306_tests.o(.text.ssd1306_TestRectangle), (52 bytes).
    Removing ssd1306_tests.o(.ARM.exidx.text.ssd1306_TestRectangle), (8 bytes).
    Removing ssd1306_tests.o(.text.ssd1306_TestCircle), (42 bytes).
    Removing ssd1306_tests.o(.ARM.exidx.text.ssd1306_TestCircle), (8 bytes).
    Removing ssd1306_tests.o(.text.ssd1306_TestArc), (38 bytes).
    Removing ssd1306_tests.o(.ARM.exidx.text.ssd1306_TestArc), (8 bytes).
    Removing ssd1306_tests.o(.text.ssd1306_TestPolyline), (60 bytes).
    Removing ssd1306_tests.o(.ARM.exidx.text.ssd1306_TestPolyline), (8 bytes).
    Removing ssd1306_tests.o(.text.ssd1306_TestAll), (422 bytes).
    Removing ssd1306_tests.o(.ARM.exidx.text.ssd1306_TestAll), (8 bytes).
    Removing ssd1306_tests.o(.rodata..L__const.ssd1306_TestPolyline.loc_vertex), (14 bytes).
    Removing i2c.o(.text), (0 bytes).
    Removing i2c.o(.ARM.exidx.text.I2C_GPIO_init), (8 bytes).
    Removing i2c.o(.ARM.exidx.text.I2C_Initialization), (8 bytes).
    Removing i2c.o(.text.I2C_Start), (50 bytes).
    Removing i2c.o(.ARM.exidx.text.I2C_Start), (8 bytes).
    Removing i2c.o(.text.I2C_Stop), (16 bytes).
    Removing i2c.o(.ARM.exidx.text.I2C_Stop), (8 bytes).
    Removing i2c.o(.text.I2C_WaitLineIdle), (8 bytes).
    Removing i2c.o(.ARM.exidx.text.I2C_WaitLineIdle), (8 bytes).
    Removing i2c.o(.ARM.exidx.text.I2C_SendData), (8 bytes).
    Removing i2c.o(.text.I2C_ReceiveData), (124 bytes).
    Removing i2c.o(.ARM.exidx.text.I2C_ReceiveData), (8 bytes).
    Removing i2c.o(.ARM.exidx.text.I2C1_EV_IRQHandler), (8 bytes).
    Removing i2c.o(.ARM.exidx.text.I2C1_ER_IRQHandler), (8 bytes).

88 unused section(s) (total 8260 bytes) removed from the image.

==============================================================================

Image Symbol Table

    Local Symbols

    Symbol Name                              Value     Ov Type        Size  Object(Section)

    ../clib/angel/boardlib.s                 0x00000000   Number         0  boardinit1.o ABSOLUTE
    ../clib/angel/boardlib.s                 0x00000000   Number         0  boardinit2.o ABSOLUTE
    ../clib/angel/boardlib.s                 0x00000000   Number         0  boardinit3.o ABSOLUTE
    ../clib/angel/boardlib.s                 0x00000000   Number         0  boardshut.o ABSOLUTE
    ../clib/angel/handlers.s                 0x00000000   Number         0  __scatter_copy.o ABSOLUTE
    ../clib/angel/handlers.s                 0x00000000   Number         0  __scatter_zi.o ABSOLUTE
    ../clib/angel/kernel.s                   0x00000000   Number         0  __rtentry.o ABSOLUTE
    ../clib/angel/kernel.s                   0x00000000   Number         0  __rtentry2.o ABSOLUTE
    ../clib/angel/kernel.s                   0x00000000   Number         0  __rtentry4.o ABSOLUTE
    ../clib/angel/kernel.s                   0x00000000   Number         0  rtexit.o ABSOLUTE
    ../clib/angel/kernel.s                   0x00000000   Number         0  rtexit2.o ABSOLUTE
    ../clib/angel/rt.s                       0x00000000   Number         0  rt_locale.o ABSOLUTE
    ../clib/angel/rt.s                       0x00000000   Number         0  rt_locale_intlibspace.o ABSOLUTE
    ../clib/angel/rt.s                       0x00000000   Number         0  rt_errno_addr.o ABSOLUTE
    ../clib/angel/rt.s                       0x00000000   Number         0  rt_errno_addr_intlibspace.o ABSOLUTE
    ../clib/angel/rt.s                       0x00000000   Number         0  rt_raise.o ABSOLUTE
    ../clib/angel/scatter.s                  0x00000000   Number         0  __scatter.o ABSOLUTE
    ../clib/angel/startup.s                  0x00000000   Number         0  __main.o ABSOLUTE
    ../clib/angel/sys.s                      0x00000000   Number         0  libspace.o ABSOLUTE
    ../clib/angel/sys.s                      0x00000000   Number         0  sys_stackheap_outer.o ABSOLUTE
    ../clib/angel/sys.s                      0x00000000   Number         0  use_no_semi.o ABSOLUTE
    ../clib/angel/sys.s                      0x00000000   Number         0  indicate_semi.o ABSOLUTE
    ../clib/angel/sysapp.c                   0x00000000   Number         0  sys_command.o ABSOLUTE
    ../clib/angel/sysapp.c                   0x00000000   Number         0  sys_exit.o ABSOLUTE
    ../clib/angel/sysapp.c                   0x00000000   Number         0  sys_command_hlt.o ABSOLUTE
    ../clib/angel/sysapp.c                   0x00000000   Number         0  sys_exit_hlt.o ABSOLUTE
    ../clib/angel/sysapp.c                   0x00000000   Number         0  sys_wrch.o ABSOLUTE
    ../clib/angel/sysapp.c                   0x00000000   Number         0  sys_wrch_hlt.o ABSOLUTE
    ../clib/armsys.c                         0x00000000   Number         0  argv_veneer.o ABSOLUTE
    ../clib/armsys.c                         0x00000000   Number         0  argv_veneer.o ABSOLUTE
    ../clib/armsys.c                         0x00000000   Number         0  _get_argv_nomalloc.o ABSOLUTE
    ../clib/armsys.c                         0x00000000   Number         0  no_argv.o ABSOLUTE
    ../clib/bigflt.c                         0x00000000   Number         0  bigflt0.o ABSOLUTE
    ../clib/btod.s                           0x00000000   Number         0  btod.o ABSOLUTE
    ../clib/btod_accurate.c                  0x00000000   Number         0  btod_accurate.o ABSOLUTE
    ../clib/btod_accurate.c                  0x00000000   Number         0  btod_accurate_common.o ABSOLUTE
    ../clib/fenv.c                           0x00000000   Number         0  _rserrno.o ABSOLUTE
    ../clib/heapalloc.c                      0x00000000   Number         0  hrguard.o ABSOLUTE
    ../clib/heapaux.c                        0x00000000   Number         0  heapauxi.o ABSOLUTE
    ../clib/libinit.s                        0x00000000   Number         0  libinit.o ABSOLUTE
    ../clib/libinit.s                        0x00000000   Number         0  libinit2.o ABSOLUTE
    ../clib/libinit.s                        0x00000000   Number         0  libshutdown.o ABSOLUTE
    ../clib/libinit.s                        0x00000000   Number         0  libshutdown2.o ABSOLUTE
    ../clib/locale.s                         0x00000000   Number         0  lc_numeric_c.o ABSOLUTE
    ../clib/longlong.s                       0x00000000   Number         0  lludiv10.o ABSOLUTE
    ../clib/longlong.s                       0x00000000   Number         0  llushr.o ABSOLUTE
    ../clib/memcpset.s                       0x00000000   Number         0  rt_memcpy_v6.o ABSOLUTE
    ../clib/memcpset.s                       0x00000000   Number         0  aeabi_memset4.o ABSOLUTE
    ../clib/memcpset.s                       0x00000000   Number         0  rt_memclr_w.o ABSOLUTE
    ../clib/memcpset.s                       0x00000000   Number         0  rt_memcpy_w.o ABSOLUTE
    ../clib/memcpset.s                       0x00000000   Number         0  strcmpv7em.o ABSOLUTE
    ../clib/misc.s                           0x00000000   Number         0  printf_stubs.o ABSOLUTE
    ../clib/printf.c                         0x00000000   Number         0  __2sprintf.o ABSOLUTE
    ../clib/printf.c                         0x00000000   Number         0  noretval__2sprintf.o ABSOLUTE
    ../clib/printf.c                         0x00000000   Number         0  __printf.o ABSOLUTE
    ../clib/printf.c                         0x00000000   Number         0  __printf_flags.o ABSOLUTE
    ../clib/printf.c                         0x00000000   Number         0  __printf_ss.o ABSOLUTE
    ../clib/printf.c                         0x00000000   Number         0  __printf_flags_ss.o ABSOLUTE
    ../clib/printf.c                         0x00000000   Number         0  __printf_wp.o ABSOLUTE
    ../clib/printf.c                         0x00000000   Number         0  __printf_flags_wp.o ABSOLUTE
    ../clib/printf.c                         0x00000000   Number         0  __printf_ss_wp.o ABSOLUTE
    ../clib/printf.c                         0x00000000   Number         0  __printf_flags_ss_wp.o ABSOLUTE
    ../clib/printf.c                         0x00000000   Number         0  _printf_fp_dec.o ABSOLUTE
    ../clib/printf.c                         0x00000000   Number         0  _printf_fp_dec_accurate.o ABSOLUTE
    ../clib/printf.c                         0x00000000   Number         0  _printf_char_common.o ABSOLUTE
    ../clib/printf.c                         0x00000000   Number         0  _sputc.o ABSOLUTE
    ../clib/printf.c                         0x00000000   Number         0  _printf_fp_infnan.o ABSOLUTE
    ../clib/printf.c                         0x00000000   Number         0  __printf_nopercent.o ABSOLUTE
    ../clib/printf_percent.s                 0x00000000   Number         0  _printf_f.o ABSOLUTE
    ../clib/printf_percent.s                 0x00000000   Number         0  _printf_percent.o ABSOLUTE
    ../clib/printf_percent.s                 0x00000000   Number         0  _printf_percent_end.o ABSOLUTE
    ../clib/signal.c                         0x00000000   Number         0  defsig_rtmem_outer.o ABSOLUTE
    ../clib/signal.c                         0x00000000   Number         0  defsig_rtmem_formal.o ABSOLUTE
    ../clib/signal.c                         0x00000000   Number         0  defsig_exit.o ABSOLUTE
    ../clib/signal.c                         0x00000000   Number         0  defsig_rtmem_inner.o ABSOLUTE
    ../clib/signal.c                         0x00000000   Number         0  __raise.o ABSOLUTE
    ../clib/signal.c                         0x00000000   Number         0  defsig_general.o ABSOLUTE
    ../clib/signal.c                         0x00000000   Number         0  defsig_abrt_inner.o ABSOLUTE
    ../clib/signal.c                         0x00000000   Number         0  defsig_fpe_inner.o ABSOLUTE
    ../clib/signal.c                         0x00000000   Number         0  defsig_rtred_inner.o ABSOLUTE
    ../clib/signal.c                         0x00000000   Number         0  defsig_stak_inner.o ABSOLUTE
    ../clib/signal.c                         0x00000000   Number         0  defsig_pvfn_inner.o ABSOLUTE
    ../clib/signal.c                         0x00000000   Number         0  defsig_cppl_inner.o ABSOLUTE
    ../clib/signal.c                         0x00000000   Number         0  defsig_segv_inner.o ABSOLUTE
    ../clib/signal.c                         0x00000000   Number         0  defsig_other.o ABSOLUTE
    ../clib/signal.s                         0x00000000   Number         0  defsig.o ABSOLUTE
    ../clib/stdlib.c                         0x00000000   Number         0  exit.o ABSOLUTE
    ../fplib/basic.s                         0x00000000   Number         0  basic.o ABSOLUTE
    ../fplib/d2f.s                           0x00000000   Number         0  d2f.o ABSOLUTE
    ../fplib/daddsub.s                       0x00000000   Number         0  daddsub_clz.o ABSOLUTE
    ../fplib/ddiv.s                          0x00000000   Number         0  ddiv.o ABSOLUTE
    ../fplib/dfix.s                          0x00000000   Number         0  dfix.o ABSOLUTE
    ../fplib/dflt.s                          0x00000000   Number         0  dflt_clz.o ABSOLUTE
    ../fplib/dmul.s                          0x00000000   Number         0  dmul.o ABSOLUTE
    ../fplib/dnaninf.s                       0x00000000   Number         0  dnaninf.o ABSOLUTE
    ../fplib/dretinf.s                       0x00000000   Number         0  dretinf.o ABSOLUTE
    ../fplib/f2d.s                           0x00000000   Number         0  f2d.o ABSOLUTE
    ../fplib/fnaninf.s                       0x00000000   Number         0  fnaninf.o ABSOLUTE
    ../fplib/fpinit.s                        0x00000000   Number         0  fpinit.o ABSOLUTE
    ../fplib/fretinf.s                       0x00000000   Number         0  fretinf.o ABSOLUTE
    ../fplib/istatus.s                       0x00000000   Number         0  istatus.o ABSOLUTE
    ../fplib/printf1.s                       0x00000000   Number         0  printf1.o ABSOLUTE
    ../fplib/usenofp.s                       0x00000000   Number         0  usenofp.o ABSOLUTE
    ../mathlib/cos.c                         0x00000000   Number         0  cos.o ABSOLUTE
    ../mathlib/cos_i.c                       0x00000000   Number         0  cos_i.o ABSOLUTE
    ../mathlib/dunder.c                      0x00000000   Number         0  dunder.o ABSOLUTE
    ../mathlib/fabs.c                        0x00000000   Number         0  fabs.o ABSOLUTE
    ../mathlib/fpclassify.c                  0x00000000   Number         0  fpclassify.o ABSOLUTE
    ../mathlib/poly.c                        0x00000000   Number         0  poly.o ABSOLUTE
    ../mathlib/rred.c                        0x00000000   Number         0  rred.o ABSOLUTE
    ../mathlib/sin.c                         0x00000000   Number         0  sin.o ABSOLUTE
    ../mathlib/sin_i.c                       0x00000000   Number         0  sin_i.o ABSOLUTE
    I2C.c                                    0x00000000   Number         0  i2c.o ABSOLUTE
    dc.s                                     0x00000000   Number         0  dc.o ABSOLUTE
    main_basic.c                             0x00000000   Number         0  main_basic.o ABSOLUTE
    ssd1306.c                                0x00000000   Number         0  ssd1306.o ABSOLUTE
    ssd1306_fonts.c                          0x00000000   Number         0  ssd1306_fonts.o ABSOLUTE
    ssd1306_tests.c                          0x00000000   Number         0  ssd1306_tests.o ABSOLUTE
    startup_stm32l476xx.s                    0x00000000   Number         0  startup_stm32l476xx.o ABSOLUTE
    RESET                                    0x08000000   Section      392  startup_stm32l476xx.o(RESET)
    !!!main                                  0x08000188   Section        8  __main.o(!!!main)
    !!!scatter                               0x08000190   Section       92  __scatter.o(!!!scatter)
    !!handler_copy                           0x080001ec   Section       26  __scatter_copy.o(!!handler_copy)
    !!handler_null                           0x08000208   Section        2  __scatter.o(!!handler_null)
    !!handler_zi                             0x0800020c   Section       28  __scatter_zi.o(!!handler_zi)
    .ARM.Collect$$_printf_percent$$00000000  0x08000228   Section        0  _printf_percent.o(.ARM.Collect$$_printf_percent$$00000000)
    .ARM.Collect$$_printf_percent$$00000003  0x08000228   Section        6  _printf_f.o(.ARM.Collect$$_printf_percent$$00000003)
    .ARM.Collect$$_printf_percent$$00000017  0x0800022e   Section        4  _printf_percent_end.o(.ARM.Collect$$_printf_percent$$00000017)
    .ARM.Collect$$libinit$$00000000          0x08000232   Section        2  libinit.o(.ARM.Collect$$libinit$$00000000)
    .ARM.Collect$$libinit$$00000001          0x08000234   Section        4  libinit2.o(.ARM.Collect$$libinit$$00000001)
    .ARM.Collect$$libinit$$00000004          0x08000238   Section        0  libinit2.o(.ARM.Collect$$libinit$$00000004)
    .ARM.Collect$$libinit$$00000006          0x08000238   Section        0  libinit2.o(.ARM.Collect$$libinit$$00000006)
    .ARM.Collect$$libinit$$0000000C          0x08000238   Section        0  libinit2.o(.ARM.Collect$$libinit$$0000000C)
    .ARM.Collect$$libinit$$0000000E          0x08000238   Section        0  libinit2.o(.ARM.Collect$$libinit$$0000000E)
    .ARM.Collect$$libinit$$00000010          0x08000238   Section        0  libinit2.o(.ARM.Collect$$libinit$$00000010)
    .ARM.Collect$$libinit$$00000011          0x08000238   Section        6  libinit2.o(.ARM.Collect$$libinit$$00000011)
    .ARM.Collect$$libinit$$00000013          0x0800023e   Section        0  libinit2.o(.ARM.Collect$$libinit$$00000013)
    .ARM.Collect$$libinit$$00000015          0x0800023e   Section        0  libinit2.o(.ARM.Collect$$libinit$$00000015)
    .ARM.Collect$$libinit$$00000017          0x0800023e   Section        0  libinit2.o(.ARM.Collect$$libinit$$00000017)
    .ARM.Collect$$libinit$$00000018          0x0800023e   Section       10  libinit2.o(.ARM.Collect$$libinit$$00000018)
    .ARM.Collect$$libinit$$00000019          0x08000248   Section        0  libinit2.o(.ARM.Collect$$libinit$$00000019)
    .ARM.Collect$$libinit$$0000001B          0x08000248   Section        0  libinit2.o(.ARM.Collect$$libinit$$0000001B)
    .ARM.Collect$$libinit$$0000001D          0x08000248   Section        0  libinit2.o(.ARM.Collect$$libinit$$0000001D)
    .ARM.Collect$$libinit$$0000001F          0x08000248   Section        0  libinit2.o(.ARM.Collect$$libinit$$0000001F)
    .ARM.Collect$$libinit$$00000021          0x08000248   Section        0  libinit2.o(.ARM.Collect$$libinit$$00000021)
    .ARM.Collect$$libinit$$00000023          0x08000248   Section        0  libinit2.o(.ARM.Collect$$libinit$$00000023)
    .ARM.Collect$$libinit$$00000025          0x08000248   Section        0  libinit2.o(.ARM.Collect$$libinit$$00000025)
    .ARM.Collect$$libinit$$00000027          0x08000248   Section        0  libinit2.o(.ARM.Collect$$libinit$$00000027)
    .ARM.Collect$$libinit$$0000002E          0x08000248   Section        0  libinit2.o(.ARM.Collect$$libinit$$0000002E)
    .ARM.Collect$$libinit$$00000030          0x08000248   Section        0  libinit2.o(.ARM.Collect$$libinit$$00000030)
    .ARM.Collect$$libinit$$00000032          0x08000248   Section        0  libinit2.o(.ARM.Collect$$libinit$$00000032)
    .ARM.Collect$$libinit$$00000034          0x08000248   Section        0  libinit2.o(.ARM.Collect$$libinit$$00000034)
    .ARM.Collect$$libinit$$00000035          0x08000248   Section        2  libinit2.o(.ARM.Collect$$libinit$$00000035)
    .ARM.Collect$$libshutdown$$00000000      0x0800024a   Section        2  libshutdown.o(.ARM.Collect$$libshutdown$$00000000)
    .ARM.Collect$$libshutdown$$00000002      0x0800024c   Section        0  libshutdown2.o(.ARM.Collect$$libshutdown$$00000002)
    .ARM.Collect$$libshutdown$$00000004      0x0800024c   Section        0  libshutdown2.o(.ARM.Collect$$libshutdown$$00000004)
    .ARM.Collect$$libshutdown$$00000007      0x0800024c   Section        0  libshutdown2.o(.ARM.Collect$$libshutdown$$00000007)
    .ARM.Collect$$libshutdown$$0000000A      0x0800024c   Section        0  libshutdown2.o(.ARM.Collect$$libshutdown$$0000000A)
    .ARM.Collect$$libshutdown$$0000000C      0x0800024c   Section        0  libshutdown2.o(.ARM.Collect$$libshutdown$$0000000C)
    .ARM.Collect$$libshutdown$$0000000F      0x0800024c   Section        0  libshutdown2.o(.ARM.Collect$$libshutdown$$0000000F)
    .ARM.Collect$$libshutdown$$00000010      0x0800024c   Section        2  libshutdown2.o(.ARM.Collect$$libshutdown$$00000010)
    .ARM.Collect$$rtentry$$00000000          0x0800024e   Section        0  __rtentry.o(.ARM.Collect$$rtentry$$00000000)
    .ARM.Collect$$rtentry$$00000002          0x0800024e   Section        0  __rtentry2.o(.ARM.Collect$$rtentry$$00000002)
    .ARM.Collect$$rtentry$$00000004          0x0800024e   Section        6  __rtentry4.o(.ARM.Collect$$rtentry$$00000004)
    .ARM.Collect$$rtentry$$00000009          0x08000254   Section        0  __rtentry2.o(.ARM.Collect$$rtentry$$00000009)
    .ARM.Collect$$rtentry$$0000000A          0x08000254   Section        4  __rtentry2.o(.ARM.Collect$$rtentry$$0000000A)
    .ARM.Collect$$rtentry$$0000000C          0x08000258   Section        0  __rtentry2.o(.ARM.Collect$$rtentry$$0000000C)
    .ARM.Collect$$rtentry$$0000000D          0x08000258   Section        8  __rtentry2.o(.ARM.Collect$$rtentry$$0000000D)
    .ARM.Collect$$rtexit$$00000000           0x08000260   Section        2  rtexit.o(.ARM.Collect$$rtexit$$00000000)
    .ARM.Collect$$rtexit$$00000002           0x08000262   Section        0  rtexit2.o(.ARM.Collect$$rtexit$$00000002)
    .ARM.Collect$$rtexit$$00000003           0x08000262   Section        4  rtexit2.o(.ARM.Collect$$rtexit$$00000003)
    .ARM.Collect$$rtexit$$00000004           0x08000266   Section        6  rtexit2.o(.ARM.Collect$$rtexit$$00000004)
    $v0                                      0x0800026c   Number         0  startup_stm32l476xx.o(.text)
    .text                                    0x0800026c   Section      140  startup_stm32l476xx.o(.text)
    .text                                    0x080002f8   Section        0  noretval__2sprintf.o(.text)
    .text                                    0x08000320   Section        0  __printf_wp.o(.text)
    .text                                    0x0800042e   Section      138  rt_memcpy_v6.o(.text)
    .text                                    0x080004b8   Section       16  aeabi_memset4.o(.text)
    .text                                    0x080004c8   Section       78  rt_memclr_w.o(.text)
    .text                                    0x08000516   Section        0  heapauxi.o(.text)
    _fp_digits                               0x0800051d   Thumb Code   432  _printf_fp_dec.o(.text)
    .text                                    0x0800051c   Section        0  _printf_fp_dec.o(.text)
    _printf_input_char                       0x08000941   Thumb Code    10  _printf_char_common.o(.text)
    .text                                    0x08000940   Section        0  _printf_char_common.o(.text)
    .text                                    0x08000970   Section        0  _sputc.o(.text)
    .text                                    0x0800097a   Section      100  rt_memcpy_w.o(.text)
    .text                                    0x080009e0   Section        8  rt_locale_intlibspace.o(.text)
    .text                                    0x080009e8   Section      138  lludiv10.o(.text)
    .text                                    0x08000a74   Section        0  _printf_fp_infnan.o(.text)
    .text                                    0x08000af4   Section        0  bigflt0.o(.text)
    .text                                    0x08000bd8   Section        8  libspace.o(.text)
    .text                                    0x08000be0   Section       74  sys_stackheap_outer.o(.text)
    .text                                    0x08000c2a   Section        0  exit.o(.text)
    .text                                    0x08000c40   Section      124  strcmpv7em.o(.text)
    .text                                    0x08000cbc   Section        0  sys_exit.o(.text)
    .text                                    0x08000cc8   Section        2  use_no_semi.o(.text)
    .text                                    0x08000cca   Section        0  indicate_semi.o(.text)
    [Anonymous Symbol]                       0x08000ccc   Section        0  i2c.o(.text.I2C1_ER_IRQHandler)
    [Anonymous Symbol]                       0x08000cd0   Section        0  i2c.o(.text.I2C1_EV_IRQHandler)
    [Anonymous Symbol]                       0x08000cd4   Section        0  i2c.o(.text.I2C_GPIO_init)
    [Anonymous Symbol]                       0x08000d38   Section        0  i2c.o(.text.I2C_Initialization)
    [Anonymous Symbol]                       0x08000e50   Section        0  i2c.o(.text.I2C_SendData)
    [Anonymous Symbol]                       0x08000ee4   Section        0  main_basic.o(.text.SysTick_Handler)
    [Anonymous Symbol]                       0x08000efc   Section        0  main_basic.o(.text.TIM4_IRQHandler)
    [Anonymous Symbol]                       0x08000f6c   Section        0  main_basic.o(.text.initialize_controller)
    [Anonymous Symbol]                       0x080010c8   Section        0  main_basic.o(.text.main)
    [Anonymous Symbol]                       0x080012dc   Section        0  ssd1306.o(.text.ssd1306_Fill)
    [Anonymous Symbol]                       0x080012f8   Section        0  ssd1306.o(.text.ssd1306_Init)
    [Anonymous Symbol]                       0x080015b8   Section        0  ssd1306.o(.text.ssd1306_SetCursor)
    [Anonymous Symbol]                       0x080015d0   Section        0  ssd1306.o(.text.ssd1306_UpdateScreen)
    [Anonymous Symbol]                       0x0800166c   Section        0  ssd1306.o(.text.ssd1306_WriteChar)
    [Anonymous Symbol]                       0x0800177c   Section        0  ssd1306.o(.text.ssd1306_WriteString)
    CL$$btod_d2e                             0x080017b0   Section       62  btod.o(CL$$btod_d2e)
    CL$$btod_d2e_denorm_low                  0x080017ee   Section       70  btod.o(CL$$btod_d2e_denorm_low)
    CL$$btod_d2e_norm_op1                    0x08001834   Section       96  btod.o(CL$$btod_d2e_norm_op1)
    CL$$btod_div_common                      0x08001894   Section      824  btod.o(CL$$btod_div_common)
    CL$$btod_e2e                             0x08001bcc   Section      220  btod.o(CL$$btod_e2e)
    CL$$btod_ediv                            0x08001ca8   Section       42  btod.o(CL$$btod_ediv)
    CL$$btod_emul                            0x08001cd2   Section       42  btod.o(CL$$btod_emul)
    CL$$btod_mult_common                     0x08001cfc   Section      580  btod.o(CL$$btod_mult_common)
    i.__ARM_fpclassify                       0x08001f40   Section        0  fpclassify.o(i.__ARM_fpclassify)
    i._is_digit                              0x08001f70   Section        0  __printf_wp.o(i._is_digit)
    locale$$code                             0x08001f80   Section       44  lc_numeric_c.o(locale$$code)
    $v0                                      0x08001fac   Number         0  d2f.o(x$fpl$d2f)
    x$fpl$d2f                                0x08001fac   Section       98  d2f.o(x$fpl$d2f)
    $v0                                      0x08002010   Number         0  ddiv.o(x$fpl$ddiv)
    x$fpl$ddiv                               0x08002010   Section      696  ddiv.o(x$fpl$ddiv)
    ddiv_entry                               0x08002017   Thumb Code     0  ddiv.o(x$fpl$ddiv)
    $v0                                      0x080022c8   Number         0  dflt_clz.o(x$fpl$dfltu)
    x$fpl$dfltu                              0x080022c8   Section       38  dflt_clz.o(x$fpl$dfltu)
    $v0                                      0x080022ee   Number         0  dnaninf.o(x$fpl$dnaninf)
    x$fpl$dnaninf                            0x080022ee   Section      156  dnaninf.o(x$fpl$dnaninf)
    $v0                                      0x0800238a   Number         0  dretinf.o(x$fpl$dretinf)
    x$fpl$dretinf                            0x0800238a   Section       12  dretinf.o(x$fpl$dretinf)
    $v0                                      0x08002398   Number         0  f2d.o(x$fpl$f2d)
    x$fpl$f2d                                0x08002398   Section       86  f2d.o(x$fpl$f2d)
    $v0                                      0x080023ee   Number         0  fnaninf.o(x$fpl$fnaninf)
    x$fpl$fnaninf                            0x080023ee   Section      140  fnaninf.o(x$fpl$fnaninf)
    $v0                                      0x0800247a   Number         0  fpinit.o(x$fpl$fpinit)
    x$fpl$fpinit                             0x0800247a   Section       26  fpinit.o(x$fpl$fpinit)
    $v0                                      0x08002494   Number         0  fretinf.o(x$fpl$fretinf)
    x$fpl$fretinf                            0x08002494   Section       10  fretinf.o(x$fpl$fretinf)
    $v0                                      0x0800249e   Number         0  printf1.o(x$fpl$printf1)
    x$fpl$printf1                            0x0800249e   Section        4  printf1.o(x$fpl$printf1)
    x$fpl$usenofp                            0x080024a2   Section        0  usenofp.o(x$fpl$usenofp)
    tenpwrs_x                                0x080024a4   Data          60  bigflt0.o(.constdata)
    .constdata                               0x080024a4   Section      148  bigflt0.o(.constdata)
    tenpwrs_i                                0x080024e0   Data          64  bigflt0.o(.constdata)
    Font16x26                                0x08002538   Data        4940  ssd1306_fonts.o(.rodata.Font16x26)
    [Anonymous Symbol]                       0x08002538   Section        0  ssd1306_fonts.o(.rodata.Font16x26)
    Font7x10                                 0x08003884   Data        1900  ssd1306_fonts.o(.rodata.Font7x10)
    [Anonymous Symbol]                       0x08003884   Section        0  ssd1306_fonts.o(.rodata.Font7x10)
    locale$$data                             0x08004010   Section       28  lc_numeric_c.o(locale$$data)
    __lcnum_c_name                           0x08004014   Data           2  lc_numeric_c.o(locale$$data)
    __lcnum_c_start                          0x0800401c   Data           0  lc_numeric_c.o(locale$$data)
    __lcnum_c_point                          0x08004028   Data           0  lc_numeric_c.o(locale$$data)
    __lcnum_c_thousands                      0x0800402a   Data           0  lc_numeric_c.o(locale$$data)
    __lcnum_c_grouping                       0x0800402b   Data           0  lc_numeric_c.o(locale$$data)
    __lcnum_c_end                            0x0800402c   Data           0  lc_numeric_c.o(locale$$data)
    .bss                                     0x20000010   Section       96  libspace.o(.bss)
    SSD1306.0                                0x20000070   Data           2  ssd1306.o(.bss.SSD1306.0)
    [Anonymous Symbol]                       0x20000070   Section        0  ssd1306.o(.bss.SSD1306.0)
    SSD1306.1                                0x20000072   Data           2  ssd1306.o(.bss.SSD1306.1)
    [Anonymous Symbol]                       0x20000072   Section        0  ssd1306.o(.bss.SSD1306.1)
    SSD1306.4                                0x20000074   Data           1  ssd1306.o(.bss.SSD1306.4)
    [Anonymous Symbol]                       0x20000074   Section        0  ssd1306.o(.bss.SSD1306.4)
    SSD1306_Buffer                           0x20000078   Data        1024  ssd1306.o(.bss.SSD1306_Buffer)
    [Anonymous Symbol]                       0x20000078   Section        0  ssd1306.o(.bss.SSD1306_Buffer)
    Heap_Mem                                 0x20000490   Data         512  startup_stm32l476xx.o(HEAP)
    HEAP                                     0x20000490   Section      512  startup_stm32l476xx.o(HEAP)
    Stack_Mem                                0x20000690   Data        1024  startup_stm32l476xx.o(STACK)
    STACK                                    0x20000690   Section     1024  startup_stm32l476xx.o(STACK)
    __initial_sp                             0x20000a90   Data           0  startup_stm32l476xx.o(STACK)

    Global Symbols

    Symbol Name                              Value     Ov Type        Size  Object(Section)

    BuildAttributes$$THM_ISAv4$E$P$D$K$B$S$7EM$VFPi3$EXTD16$VFPS$VFMA$PE$A:L22UL41UL21$X:L11$S22US41US21$IEEE1$IW$~IW$USESV6$~STKCKD$USESV7$~SHL$OTIME$ROPI$IEEEX$EBA8$UX$STANDARDLIB$REQ8$PRES8$EABIv2 0x00000000   Number         0  anon$$obj.o ABSOLUTE
    Image$$ER_IROM1$$RW$$Length              0x00000000   Number         0  anon$$obj.o ABSOLUTE
    Image$$ER_IROM1$$ZI$$Length              0x00000000   Number         0  anon$$obj.o ABSOLUTE
    Image$$RW_IRAM1$$RO$$Length              0x00000000   Number         0  anon$$obj.o ABSOLUTE
    _printf_flags                            0x00000000   Number         0  printf_stubs.o ABSOLUTE
    _printf_return_value                     0x00000000   Number         0  printf_stubs.o ABSOLUTE
    _printf_sizespec                         0x00000000   Number         0  printf_stubs.o ABSOLUTE
    _printf_widthprec                        0x00000000   Number         0  printf_stubs.o ABSOLUTE
    __ARM_exceptions_init                     - Undefined Weak Reference
    __alloca_initialize                       - Undefined Weak Reference
    __arm_preinit_                            - Undefined Weak Reference
    __arm_relocate_pie_                       - Undefined Weak Reference
    __cpp_initialize__aeabi_                  - Undefined Weak Reference
    __cxa_finalize                            - Undefined Weak Reference
    __sigvec_lookup                           - Undefined Weak Reference
    _atexit_init                              - Undefined Weak Reference
    _call_atexit_fns                          - Undefined Weak Reference
    _clock_init                               - Undefined Weak Reference
    _fp_trap_init                             - Undefined Weak Reference
    _fp_trap_shutdown                         - Undefined Weak Reference
    _get_lc_collate                           - Undefined Weak Reference
    _get_lc_ctype                             - Undefined Weak Reference
    _get_lc_monetary                          - Undefined Weak Reference
    _get_lc_time                              - Undefined Weak Reference
    _getenv_init                              - Undefined Weak Reference
    _handle_redirection                       - Undefined Weak Reference
    _init_alloc                               - Undefined Weak Reference
    _init_user_alloc                          - Undefined Weak Reference
    _initio                                   - Undefined Weak Reference
    _printf_post_padding                      - Undefined Weak Reference
    _printf_pre_padding                       - Undefined Weak Reference
    _rand_init                                - Undefined Weak Reference
    _signal_finish                            - Undefined Weak Reference
    _signal_init                              - Undefined Weak Reference
    _terminate_alloc                          - Undefined Weak Reference
    _terminate_user_alloc                     - Undefined Weak Reference
    _terminateio                              - Undefined Weak Reference
    Image$$RW_IRAM1$$Length                  0x00000010   Number         0  anon$$obj.o ABSOLUTE
    Image$$RW_IRAM1$$RW$$Length              0x00000010   Number         0  anon$$obj.o ABSOLUTE
    __Vectors_Size                           0x00000188   Number         0  startup_stm32l476xx.o ABSOLUTE
    Image$$RW_IRAM1$$ZI$$Length              0x00000a80   Number         0  anon$$obj.o ABSOLUTE
    Image$$ER_IROM1$$RO$$Length              0x0000402c   Number         0  anon$$obj.o ABSOLUTE
    Image$$ER_IROM1$$RO$$Base                0x08000000   Number         0  anon$$obj.o ABSOLUTE
    Load$$ER_IROM1$$Base                     0x08000000   Number         0  anon$$obj.o ABSOLUTE
    __Vectors                                0x08000000   Data           4  startup_stm32l476xx.o(RESET)
    __Vectors_End                            0x08000188   Data           0  startup_stm32l476xx.o(RESET)
    __main                                   0x08000189   Thumb Code     8  __main.o(!!!main)
    __scatterload                            0x08000191   Thumb Code     0  __scatter.o(!!!scatter)
    __scatterload_rt2                        0x08000191   Thumb Code    84  __scatter.o(!!!scatter)
    __scatterload_rt2_thumb_only             0x08000191   Thumb Code     0  __scatter.o(!!!scatter)
    __scatterload_loop                       0x0800019b   Thumb Code     0  __scatter.o(!!!scatter)
    __scatterload_copy                       0x080001ed   Thumb Code    26  __scatter_copy.o(!!handler_copy)
    __scatterload_null                       0x08000209   Thumb Code     2  __scatter.o(!!handler_null)
    __scatterload_zeroinit                   0x0800020d   Thumb Code    28  __scatter_zi.o(!!handler_zi)
    _printf_f                                0x08000229   Thumb Code     0  _printf_f.o(.ARM.Collect$$_printf_percent$$00000003)
    _printf_percent                          0x08000229   Thumb Code     0  _printf_percent.o(.ARM.Collect$$_printf_percent$$00000000)
    _printf_percent_end                      0x0800022f   Thumb Code     0  _printf_percent_end.o(.ARM.Collect$$_printf_percent$$00000017)
    __rt_lib_init                            0x08000233   Thumb Code     0  libinit.o(.ARM.Collect$$libinit$$00000000)
    __rt_lib_init_fp_1                       0x08000235   Thumb Code     0  libinit2.o(.ARM.Collect$$libinit$$00000001)
    __rt_lib_init_heap_1                     0x08000239   Thumb Code     0  libinit2.o(.ARM.Collect$$libinit$$0000000C)
    __rt_lib_init_lc_common                  0x08000239   Thumb Code     0  libinit2.o(.ARM.Collect$$libinit$$00000011)
    __rt_lib_init_preinit_1                  0x08000239   Thumb Code     0  libinit2.o(.ARM.Collect$$libinit$$00000006)
    __rt_lib_init_rand_1                     0x08000239   Thumb Code     0  libinit2.o(.ARM.Collect$$libinit$$00000010)
    __rt_lib_init_relocate_pie_1             0x08000239   Thumb Code     0  libinit2.o(.ARM.Collect$$libinit$$00000004)
    __rt_lib_init_user_alloc_1               0x08000239   Thumb Code     0  libinit2.o(.ARM.Collect$$libinit$$0000000E)
    __rt_lib_init_lc_collate_1               0x0800023f   Thumb Code     0  libinit2.o(.ARM.Collect$$libinit$$00000013)
    __rt_lib_init_lc_ctype_1                 0x0800023f   Thumb Code     0  libinit2.o(.ARM.Collect$$libinit$$00000015)
    __rt_lib_init_lc_monetary_1              0x0800023f   Thumb Code     0  libinit2.o(.ARM.Collect$$libinit$$00000017)
    __rt_lib_init_lc_numeric_2               0x0800023f   Thumb Code     0  libinit2.o(.ARM.Collect$$libinit$$00000018)
    __rt_lib_init_alloca_1                   0x08000249   Thumb Code     0  libinit2.o(.ARM.Collect$$libinit$$00000030)
    __rt_lib_init_argv_1                     0x08000249   Thumb Code     0  libinit2.o(.ARM.Collect$$libinit$$0000002E)
    __rt_lib_init_atexit_1                   0x08000249   Thumb Code     0  libinit2.o(.ARM.Collect$$libinit$$0000001D)
    __rt_lib_init_clock_1                    0x08000249   Thumb Code     0  libinit2.o(.ARM.Collect$$libinit$$00000023)
    __rt_lib_init_cpp_1                      0x08000249   Thumb Code     0  libinit2.o(.ARM.Collect$$libinit$$00000034)
    __rt_lib_init_exceptions_1               0x08000249   Thumb Code     0  libinit2.o(.ARM.Collect$$libinit$$00000032)
    __rt_lib_init_fp_trap_1                  0x08000249   Thumb Code     0  libinit2.o(.ARM.Collect$$libinit$$00000021)
    __rt_lib_init_getenv_1                   0x08000249   Thumb Code     0  libinit2.o(.ARM.Collect$$libinit$$00000025)
    __rt_lib_init_lc_numeric_1               0x08000249   Thumb Code     0  libinit2.o(.ARM.Collect$$libinit$$00000019)
    __rt_lib_init_lc_time_1                  0x08000249   Thumb Code     0  libinit2.o(.ARM.Collect$$libinit$$0000001B)
    __rt_lib_init_return                     0x08000249   Thumb Code     0  libinit2.o(.ARM.Collect$$libinit$$00000035)
    __rt_lib_init_signal_1                   0x08000249   Thumb Code     0  libinit2.o(.ARM.Collect$$libinit$$0000001F)
    __rt_lib_init_stdio_1                    0x08000249   Thumb Code     0  libinit2.o(.ARM.Collect$$libinit$$00000027)
    __rt_lib_shutdown                        0x0800024b   Thumb Code     0  libshutdown.o(.ARM.Collect$$libshutdown$$00000000)
    __rt_lib_shutdown_cpp_1                  0x0800024d   Thumb Code     0  libshutdown2.o(.ARM.Collect$$libshutdown$$00000002)
    __rt_lib_shutdown_fp_trap_1              0x0800024d   Thumb Code     0  libshutdown2.o(.ARM.Collect$$libshutdown$$00000007)
    __rt_lib_shutdown_heap_1                 0x0800024d   Thumb Code     0  libshutdown2.o(.ARM.Collect$$libshutdown$$0000000F)
    __rt_lib_shutdown_return                 0x0800024d   Thumb Code     0  libshutdown2.o(.ARM.Collect$$libshutdown$$00000010)
    __rt_lib_shutdown_signal_1               0x0800024d   Thumb Code     0  libshutdown2.o(.ARM.Collect$$libshutdown$$0000000A)
    __rt_lib_shutdown_stdio_1                0x0800024d   Thumb Code     0  libshutdown2.o(.ARM.Collect$$libshutdown$$00000004)
    __rt_lib_shutdown_user_alloc_1           0x0800024d   Thumb Code     0  libshutdown2.o(.ARM.Collect$$libshutdown$$0000000C)
    __rt_entry                               0x0800024f   Thumb Code     0  __rtentry.o(.ARM.Collect$$rtentry$$00000000)
    __rt_entry_presh_1                       0x0800024f   Thumb Code     0  __rtentry2.o(.ARM.Collect$$rtentry$$00000002)
    __rt_entry_sh                            0x0800024f   Thumb Code     0  __rtentry4.o(.ARM.Collect$$rtentry$$00000004)
    __rt_entry_li                            0x08000255   Thumb Code     0  __rtentry2.o(.ARM.Collect$$rtentry$$0000000A)
    __rt_entry_postsh_1                      0x08000255   Thumb Code     0  __rtentry2.o(.ARM.Collect$$rtentry$$00000009)
    __rt_entry_main                          0x08000259   Thumb Code     0  __rtentry2.o(.ARM.Collect$$rtentry$$0000000D)
    __rt_entry_postli_1                      0x08000259   Thumb Code     0  __rtentry2.o(.ARM.Collect$$rtentry$$0000000C)
    __rt_exit                                0x08000261   Thumb Code     0  rtexit.o(.ARM.Collect$$rtexit$$00000000)
    __rt_exit_ls                             0x08000263   Thumb Code     0  rtexit2.o(.ARM.Collect$$rtexit$$00000003)
    __rt_exit_prels_1                        0x08000263   Thumb Code     0  rtexit2.o(.ARM.Collect$$rtexit$$00000002)
    __rt_exit_exit                           0x08000267   Thumb Code     0  rtexit2.o(.ARM.Collect$$rtexit$$00000004)
    Reset_Handler                            0x0800026d   Thumb Code    62  startup_stm32l476xx.o(.text)
    NMI_Handler                              0x080002ab   Thumb Code     2  startup_stm32l476xx.o(.text)
    HardFault_Handler                        0x080002ad   Thumb Code     2  startup_stm32l476xx.o(.text)
    MemManage_Handler                        0x080002af   Thumb Code     2  startup_stm32l476xx.o(.text)
    BusFault_Handler                         0x080002b1   Thumb Code     2  startup_stm32l476xx.o(.text)
    UsageFault_Handler                       0x080002b3   Thumb Code     2  startup_stm32l476xx.o(.text)
    SVC_Handler                              0x080002b5   Thumb Code     2  startup_stm32l476xx.o(.text)
    DebugMon_Handler                         0x080002b7   Thumb Code     2  startup_stm32l476xx.o(.text)
    PendSV_Handler                           0x080002b9   Thumb Code     2  startup_stm32l476xx.o(.text)
    ADC1_2_IRQHandler                        0x080002bd   Thumb Code     0  startup_stm32l476xx.o(.text)
    ADC3_IRQHandler                          0x080002bd   Thumb Code     0  startup_stm32l476xx.o(.text)
    CAN1_RX0_IRQHandler                      0x080002bd   Thumb Code     0  startup_stm32l476xx.o(.text)
    CAN1_RX1_IRQHandler                      0x080002bd   Thumb Code     0  startup_stm32l476xx.o(.text)
    CAN1_SCE_IRQHandler                      0x080002bd   Thumb Code     0  startup_stm32l476xx.o(.text)
    CAN1_TX_IRQHandler                       0x080002bd   Thumb Code     0  startup_stm32l476xx.o(.text)
    COMP_IRQHandler                          0x080002bd   Thumb Code     0  startup_stm32l476xx.o(.text)
    DFSDM0_IRQHandler                        0x080002bd   Thumb Code     0  startup_stm32l476xx.o(.text)
    DFSDM1_IRQHandler                        0x080002bd   Thumb Code     0  startup_stm32l476xx.o(.text)
    DFSDM2_IRQHandler                        0x080002bd   Thumb Code     0  startup_stm32l476xx.o(.text)
    DFSDM3_IRQHandler                        0x080002bd   Thumb Code     0  startup_stm32l476xx.o(.text)
    DMA1_Channel1_IRQHandler                 0x080002bd   Thumb Code     0  startup_stm32l476xx.o(.text)
    DMA1_Channel2_IRQHandler                 0x080002bd   Thumb Code     0  startup_stm32l476xx.o(.text)
    DMA1_Channel3_IRQHandler                 0x080002bd   Thumb Code     0  startup_stm32l476xx.o(.text)
    DMA1_Channel4_IRQHandler                 0x080002bd   Thumb Code     0  startup_stm32l476xx.o(.text)
    DMA1_Channel5_IRQHandler                 0x080002bd   Thumb Code     0  startup_stm32l476xx.o(.text)
    DMA1_Channel6_IRQHandler                 0x080002bd   Thumb Code     0  startup_stm32l476xx.o(.text)
    DMA1_Channel7_IRQHandler                 0x080002bd   Thumb Code     0  startup_stm32l476xx.o(.text)
    DMA2_Channel1_IRQHandler                 0x080002bd   Thumb Code     0  startup_stm32l476xx.o(.text)
    DMA2_Channel2_IRQHandler                 0x080002bd   Thumb Code     0  startup_stm32l476xx.o(.text)
    DMA2_Channel3_IRQHandler                 0x080002bd   Thumb Code     0  startup_stm32l476xx.o(.text)
    DMA2_Channel4_IRQHandler                 0x080002bd   Thumb Code     0  startup_stm32l476xx.o(.text)
    DMA2_Channel5_IRQHandler                 0x080002bd   Thumb Code     0  startup_stm32l476xx.o(.text)
    DMA2_Channel6_IRQHandler                 0x080002bd   Thumb Code     0  startup_stm32l476xx.o(.text)
    DMA2_Channel7_IRQHandler                 0x080002bd   Thumb Code     0  startup_stm32l476xx.o(.text)
    EXTI0_IRQHandler                         0x080002bd   Thumb Code     0  startup_stm32l476xx.o(.text)
    EXTI15_10_IRQHandler                     0x080002bd   Thumb Code     0  startup_stm32l476xx.o(.text)
    EXTI1_IRQHandler                         0x080002bd   Thumb Code     0  startup_stm32l476xx.o(.text)
    EXTI2_IRQHandler                         0x080002bd   Thumb Code     0  startup_stm32l476xx.o(.text)
    EXTI3_IRQHandler                         0x080002bd   Thumb Code     0  startup_stm32l476xx.o(.text)
    EXTI4_IRQHandler                         0x080002bd   Thumb Code     0  startup_stm32l476xx.o(.text)
    EXTI9_5_IRQHandler                       0x080002bd   Thumb Code     0  startup_stm32l476xx.o(.text)
    FLASH_IRQHandler                         0x080002bd   Thumb Code     0  startup_stm32l476xx.o(.text)
    FMC_IRQHandler                           0x080002bd   Thumb Code     0  startup_stm32l476xx.o(.text)
    FPU_IRQHandler                           0x080002bd   Thumb Code     0  startup_stm32l476xx.o(.text)
    I2C2_ER_IRQHandler                       0x080002bd   Thumb Code     0  startup_stm32l476xx.o(.text)
    I2C2_EV_IRQHandler                       0x080002bd   Thumb Code     0  startup_stm32l476xx.o(.text)
    I2C3_ER_IRQHandler                       0x080002bd   Thumb Code     0  startup_stm32l476xx.o(.text)
    I2C3_EV_IRQHandler                       0x080002bd   Thumb Code     0  startup_stm32l476xx.o(.text)
    LCD_IRQHandler                           0x080002bd   Thumb Code     0  startup_stm32l476xx.o(.text)
    LPTIM1_IRQHandler                        0x080002bd   Thumb Code     0  startup_stm32l476xx.o(.text)
    LPTIM2_IRQHandler                        0x080002bd   Thumb Code     0  startup_stm32l476xx.o(.text)
    LPUART1_IRQHandler                       0x080002bd   Thumb Code     0  startup_stm32l476xx.o(.text)
    OTG_FS_IRQHandler                        0x080002bd   Thumb Code     0  startup_stm32l476xx.o(.text)
    PVD_PVM_IRQHandler                       0x080002bd   Thumb Code     0  startup_stm32l476xx.o(.text)
    QUADSPI_IRQHandler                       0x080002bd   Thumb Code     0  startup_stm32l476xx.o(.text)
    RCC_IRQHandler                           0x080002bd   Thumb Code     0  startup_stm32l476xx.o(.text)
    RNG_IRQHandler                           0x080002bd   Thumb Code     0  startup_stm32l476xx.o(.text)
    RTC_Alarm_IRQHandler                     0x080002bd   Thumb Code     0  startup_stm32l476xx.o(.text)
    RTC_WKUP_IRQHandler                      0x080002bd   Thumb Code     0  startup_stm32l476xx.o(.text)
    SAI1_IRQHandler                          0x080002bd   Thumb Code     0  startup_stm32l476xx.o(.text)
    SAI2_IRQHandler                          0x080002bd   Thumb Code     0  startup_stm32l476xx.o(.text)
    SDMMC1_IRQHandler                        0x080002bd   Thumb Code     0  startup_stm32l476xx.o(.text)
    SPI1_IRQHandler                          0x080002bd   Thumb Code     0  startup_stm32l476xx.o(.text)
    SPI2_IRQHandler                          0x080002bd   Thumb Code     0  startup_stm32l476xx.o(.text)
    SPI3_IRQHandler                          0x080002bd   Thumb Code     0  startup_stm32l476xx.o(.text)
    SWPMI1_IRQHandler                        0x080002bd   Thumb Code     0  startup_stm32l476xx.o(.text)
    TAMP_STAMP_IRQHandler                    0x080002bd   Thumb Code     0  startup_stm32l476xx.o(.text)
    TIM1_BRK_TIM15_IRQHandler                0x080002bd   Thumb Code     0  startup_stm32l476xx.o(.text)
    TIM1_CC_IRQHandler                       0x080002bd   Thumb Code     0  startup_stm32l476xx.o(.text)
    TIM1_TRG_COM_TIM17_IRQHandler            0x080002bd   Thumb Code     0  startup_stm32l476xx.o(.text)
    TIM1_UP_TIM16_IRQHandler                 0x080002bd   Thumb Code     0  startup_stm32l476xx.o(.text)
    TIM2_IRQHandler                          0x080002bd   Thumb Code     0  startup_stm32l476xx.o(.text)
    TIM3_IRQHandler                          0x080002bd   Thumb Code     0  startup_stm32l476xx.o(.text)
    TIM5_IRQHandler                          0x080002bd   Thumb Code     0  startup_stm32l476xx.o(.text)
    TIM6_DAC_IRQHandler                      0x080002bd   Thumb Code     0  startup_stm32l476xx.o(.text)
    TIM7_IRQHandler                          0x080002bd   Thumb Code     0  startup_stm32l476xx.o(.text)
    TIM8_BRK_IRQHandler                      0x080002bd   Thumb Code     0  startup_stm32l476xx.o(.text)
    TIM8_CC_IRQHandler                       0x080002bd   Thumb Code     0  startup_stm32l476xx.o(.text)
    TIM8_TRG_COM_IRQHandler                  0x080002bd   Thumb Code     0  startup_stm32l476xx.o(.text)
    TIM8_UP_IRQHandler                       0x080002bd   Thumb Code     0  startup_stm32l476xx.o(.text)
    TSC_IRQHandler                           0x080002bd   Thumb Code     0  startup_stm32l476xx.o(.text)
    UART4_IRQHandler                         0x080002bd   Thumb Code     0  startup_stm32l476xx.o(.text)
    UART5_IRQHandler                         0x080002bd   Thumb Code     0  startup_stm32l476xx.o(.text)
    USART1_IRQHandler                        0x080002bd   Thumb Code     0  startup_stm32l476xx.o(.text)
    USART2_IRQHandler                        0x080002bd   Thumb Code     0  startup_stm32l476xx.o(.text)
    USART3_IRQHandler                        0x080002bd   Thumb Code     0  startup_stm32l476xx.o(.text)
    WWDG_IRQHandler                          0x080002bd   Thumb Code     0  startup_stm32l476xx.o(.text)
    __user_initial_stackheap                 0x080002c1   Thumb Code     0  startup_stm32l476xx.o(.text)
    __2sprintf                               0x080002f9   Thumb Code    34  noretval__2sprintf.o(.text)
    __printf                                 0x08000321   Thumb Code   270  __printf_wp.o(.text)
    __aeabi_memcpy                           0x0800042f   Thumb Code     0  rt_memcpy_v6.o(.text)
    __rt_memcpy                              0x0800042f   Thumb Code   138  rt_memcpy_v6.o(.text)
    _memcpy_lastbytes                        0x08000495   Thumb Code     0  rt_memcpy_v6.o(.text)
    __aeabi_memset4                          0x080004b9   Thumb Code    16  aeabi_memset4.o(.text)
    __aeabi_memset8                          0x080004b9   Thumb Code     0  aeabi_memset4.o(.text)
    __aeabi_memclr4                          0x080004c9   Thumb Code     0  rt_memclr_w.o(.text)
    __aeabi_memclr8                          0x080004c9   Thumb Code     0  rt_memclr_w.o(.text)
    __rt_memclr_w                            0x080004c9   Thumb Code     0  rt_memclr_w.o(.text)
    _memset_w                                0x080004cd   Thumb Code    74  rt_memclr_w.o(.text)
    __use_two_region_memory                  0x08000517   Thumb Code     2  heapauxi.o(.text)
    __rt_heap_escrow$2region                 0x08000519   Thumb Code     2  heapauxi.o(.text)
    __rt_heap_expand$2region                 0x0800051b   Thumb Code     2  heapauxi.o(.text)
    _printf_fp_dec_real                      0x080006cd   Thumb Code   620  _printf_fp_dec.o(.text)
    _printf_char_common                      0x0800094b   Thumb Code    32  _printf_char_common.o(.text)
    _sputc                                   0x08000971   Thumb Code    10  _sputc.o(.text)
    __aeabi_memcpy4                          0x0800097b   Thumb Code     0  rt_memcpy_w.o(.text)
    __aeabi_memcpy8                          0x0800097b   Thumb Code     0  rt_memcpy_w.o(.text)
    __rt_memcpy_w                            0x0800097b   Thumb Code   100  rt_memcpy_w.o(.text)
    _memcpy_lastbytes_aligned                0x080009c3   Thumb Code     0  rt_memcpy_w.o(.text)
    __rt_locale                              0x080009e1   Thumb Code     8  rt_locale_intlibspace.o(.text)
    _ll_udiv10                               0x080009e9   Thumb Code   138  lludiv10.o(.text)
    _printf_fp_infnan                        0x08000a75   Thumb Code   112  _printf_fp_infnan.o(.text)
    _btod_etento                             0x08000af5   Thumb Code   224  bigflt0.o(.text)
    __user_libspace                          0x08000bd9   Thumb Code     8  libspace.o(.text)
    __user_perproc_libspace                  0x08000bd9   Thumb Code     0  libspace.o(.text)
    __user_perthread_libspace                0x08000bd9   Thumb Code     0  libspace.o(.text)
    __user_setup_stackheap                   0x08000be1   Thumb Code    74  sys_stackheap_outer.o(.text)
    exit                                     0x08000c2b   Thumb Code    18  exit.o(.text)
    strcmp                                   0x08000c41   Thumb Code   124  strcmpv7em.o(.text)
    _sys_exit                                0x08000cbd   Thumb Code     8  sys_exit.o(.text)
    __I$use$semihosting                      0x08000cc9   Thumb Code     0  use_no_semi.o(.text)
    __use_no_semihosting_swi                 0x08000cc9   Thumb Code     2  use_no_semi.o(.text)
    __semihosting_library_function           0x08000ccb   Thumb Code     0  indicate_semi.o(.text)
    I2C1_ER_IRQHandler                       0x08000ccd   Thumb Code     2  i2c.o(.text.I2C1_ER_IRQHandler)
    I2C1_EV_IRQHandler                       0x08000cd1   Thumb Code     2  i2c.o(.text.I2C1_EV_IRQHandler)
    I2C_GPIO_init                            0x08000cd5   Thumb Code    98  i2c.o(.text.I2C_GPIO_init)
    I2C_Initialization                       0x08000d39   Thumb Code   280  i2c.o(.text.I2C_Initialization)
    I2C_SendData                             0x08000e51   Thumb Code   148  i2c.o(.text.I2C_SendData)
    SysTick_Handler                          0x08000ee5   Thumb Code    24  main_basic.o(.text.SysTick_Handler)
    TIM4_IRQHandler                          0x08000efd   Thumb Code   110  main_basic.o(.text.TIM4_IRQHandler)
    initialize_controller                    0x08000f6d   Thumb Code   346  main_basic.o(.text.initialize_controller)
    main                                     0x080010c9   Thumb Code   392  main_basic.o(.text.main)
    ssd1306_Fill                             0x080012dd   Thumb Code    28  ssd1306.o(.text.ssd1306_Fill)
    ssd1306_Init                             0x080012f9   Thumb Code   702  ssd1306.o(.text.ssd1306_Init)
    ssd1306_SetCursor                        0x080015b9   Thumb Code    22  ssd1306.o(.text.ssd1306_SetCursor)
    ssd1306_UpdateScreen                     0x080015d1   Thumb Code   150  ssd1306.o(.text.ssd1306_UpdateScreen)
    ssd1306_WriteChar                        0x0800166d   Thumb Code   264  ssd1306.o(.text.ssd1306_WriteChar)
    ssd1306_WriteString                      0x0800177d   Thumb Code    52  ssd1306.o(.text.ssd1306_WriteString)
    _btod_d2e                                0x080017b1   Thumb Code    62  btod.o(CL$$btod_d2e)
    _d2e_denorm_low                          0x080017ef   Thumb Code    70  btod.o(CL$$btod_d2e_denorm_low)
    _d2e_norm_op1                            0x08001835   Thumb Code    96  btod.o(CL$$btod_d2e_norm_op1)
    __btod_div_common                        0x08001895   Thumb Code   696  btod.o(CL$$btod_div_common)
    _e2e                                     0x08001bcd   Thumb Code   220  btod.o(CL$$btod_e2e)
    _btod_ediv                               0x08001ca9   Thumb Code    42  btod.o(CL$$btod_ediv)
    _btod_emul                               0x08001cd3   Thumb Code    42  btod.o(CL$$btod_emul)
    __btod_mult_common                       0x08001cfd   Thumb Code   580  btod.o(CL$$btod_mult_common)
    __ARM_fpclassify                         0x08001f41   Thumb Code    48  fpclassify.o(i.__ARM_fpclassify)
    _is_digit                                0x08001f71   Thumb Code    14  __printf_wp.o(i._is_digit)
    _get_lc_numeric                          0x08001f81   Thumb Code    44  lc_numeric_c.o(locale$$code)
    __aeabi_d2f                              0x08001fad   Thumb Code     0  d2f.o(x$fpl$d2f)
    _d2f                                     0x08001fad   Thumb Code    98  d2f.o(x$fpl$d2f)
    __aeabi_ddiv                             0x08002011   Thumb Code     0  ddiv.o(x$fpl$ddiv)
    _ddiv                                    0x08002011   Thumb Code   560  ddiv.o(x$fpl$ddiv)
    __aeabi_ui2d                             0x080022c9   Thumb Code     0  dflt_clz.o(x$fpl$dfltu)
    _dfltu                                   0x080022c9   Thumb Code    38  dflt_clz.o(x$fpl$dfltu)
    __fpl_dnaninf                            0x080022ef   Thumb Code   156  dnaninf.o(x$fpl$dnaninf)
    __fpl_dretinf                            0x0800238b   Thumb Code    12  dretinf.o(x$fpl$dretinf)
    __aeabi_f2d                              0x08002399   Thumb Code     0  f2d.o(x$fpl$f2d)
    _f2d                                     0x08002399   Thumb Code    86  f2d.o(x$fpl$f2d)
    __fpl_fnaninf                            0x080023ef   Thumb Code   140  fnaninf.o(x$fpl$fnaninf)
    _fp_init                                 0x0800247b   Thumb Code    26  fpinit.o(x$fpl$fpinit)
    __fplib_config_fpu_vfp                   0x08002493   Thumb Code     0  fpinit.o(x$fpl$fpinit)
    __fplib_config_pureend_doubles           0x08002493   Thumb Code     0  fpinit.o(x$fpl$fpinit)
    __fpl_fretinf                            0x08002495   Thumb Code    10  fretinf.o(x$fpl$fretinf)
    _printf_fp_dec                           0x0800249f   Thumb Code     4  printf1.o(x$fpl$printf1)
    __I$use$fp                               0x080024a2   Number         0  usenofp.o(x$fpl$usenofp)
    Region$$Table$$Base                      0x08003ff0   Number         0  anon$$obj.o(Region$$Table)
    Region$$Table$$Limit                     0x08004010   Number         0  anon$$obj.o(Region$$Table)
    Image$$ER_IROM1$$RO$$Limit               0x0800402c   Number         0  anon$$obj.o ABSOLUTE
    Image$$ER_IROM1$$RW$$Base                0x0800402c   Number         0  anon$$obj.o ABSOLUTE
    Image$$ER_IROM1$$RW$$Limit               0x0800402c   Number         0  anon$$obj.o ABSOLUTE
    Image$$ER_IROM1$$ZI$$Base                0x0800402c   Number         0  anon$$obj.o ABSOLUTE
    Image$$ER_IROM1$$ZI$$Limit               0x0800402c   Number         0  anon$$obj.o ABSOLUTE
    Load$$RW_IRAM1$$Base                     0x08004030   Number         0  anon$$obj.o ABSOLUTE
    Font_16x26                               0x20000000   Data           8  ssd1306_fonts.o(.data.Font_16x26)
    Image$$RW_IRAM1$$Base                    0x20000000   Number         0  anon$$obj.o ABSOLUTE
    Image$$RW_IRAM1$$RO$$Base                0x20000000   Number         0  anon$$obj.o ABSOLUTE
    Image$$RW_IRAM1$$RW$$Base                0x20000000   Number         0  anon$$obj.o ABSOLUTE
    Font_7x10                                0x20000008   Data           8  ssd1306_fonts.o(.data.Font_7x10)
    Image$$RW_IRAM1$$Limit                   0x20000010   Number         0  anon$$obj.o ABSOLUTE
    Image$$RW_IRAM1$$RW$$Limit               0x20000010   Number         0  anon$$obj.o ABSOLUTE
    Image$$RW_IRAM1$$ZI$$Base                0x20000010   Number         0  anon$$obj.o ABSOLUTE
    __libspace_start                         0x20000010   Data          96  libspace.o(.bss)
    __temporary_stack_top$libspace           0x20000070   Data           0  libspace.o(.bss)
    TimeDelay                                0x20000478   Data           4  main_basic.o(.bss.TimeDelay)
    distance                                 0x2000047c   Data           4  main_basic.o(.bss.distance)
    falling_edge                             0x20000480   Data           4  main_basic.o(.bss.falling_edge)
    overflow_count                           0x20000484   Data           4  main_basic.o(.bss.overflow_count)
    rising_edge                              0x20000488   Data           4  main_basic.o(.bss.rising_edge)
    Image$$RW_IRAM1$$ZI$$Limit               0x20000a90   Number         0  anon$$obj.o ABSOLUTE



==============================================================================

Memory Map of the image

  Image Entry point : 0x08000189

  Load Region LR_IROM1 (Base: 0x08000000, Size: 0x00004040, Max: 0x00100000, ABSOLUTE)

    Execution Region ER_IROM1 (Exec base: 0x08000000, Load base: 0x08000000, Size: 0x0000402c, Max: 0x00100000, ABSOLUTE)

    Exec Addr    Load Addr    Size         Type   Attr      Idx    E Section Name        Object

    0x08000000   0x08000000   0x00000188   Data   RO            3    RESET               startup_stm32l476xx.o
    0x08000188   0x08000188   0x00000008   Code   RO          196  * !!!main             c_w.l(__main.o)
    0x08000190   0x08000190   0x0000005c   Code   RO          514    !!!scatter          c_w.l(__scatter.o)
    0x080001ec   0x080001ec   0x0000001a   Code   RO          518    !!handler_copy      c_w.l(__scatter_copy.o)
    0x08000206   0x08000206   0x00000002   PAD
    0x08000208   0x08000208   0x00000002   Code   RO          515    !!handler_null      c_w.l(__scatter.o)
    0x0800020a   0x0800020a   0x00000002   PAD
    0x0800020c   0x0800020c   0x0000001c   Code   RO          520    !!handler_zi        c_w.l(__scatter_zi.o)
    0x08000228   0x08000228   0x00000000   Code   RO          187    .ARM.Collect$$_printf_percent$$00000000  c_w.l(_printf_percent.o)
    0x08000228   0x08000228   0x00000006   Code   RO          186    .ARM.Collect$$_printf_percent$$00000003  c_w.l(_printf_f.o)
    0x0800022e   0x0800022e   0x00000004   Code   RO          243    .ARM.Collect$$_printf_percent$$00000017  c_w.l(_printf_percent_end.o)
    0x08000232   0x08000232   0x00000002   Code   RO          377    .ARM.Collect$$libinit$$00000000  c_w.l(libinit.o)
    0x08000234   0x08000234   0x00000004   Code   RO          378    .ARM.Collect$$libinit$$00000001  c_w.l(libinit2.o)
    0x08000238   0x08000238   0x00000000   Code   RO          381    .ARM.Collect$$libinit$$00000004  c_w.l(libinit2.o)
    0x08000238   0x08000238   0x00000000   Code   RO          383    .ARM.Collect$$libinit$$00000006  c_w.l(libinit2.o)
    0x08000238   0x08000238   0x00000000   Code   RO          386    .ARM.Collect$$libinit$$0000000C  c_w.l(libinit2.o)
    0x08000238   0x08000238   0x00000000   Code   RO          388    .ARM.Collect$$libinit$$0000000E  c_w.l(libinit2.o)
    0x08000238   0x08000238   0x00000000   Code   RO          390    .ARM.Collect$$libinit$$00000010  c_w.l(libinit2.o)
    0x08000238   0x08000238   0x00000006   Code   RO          391    .ARM.Collect$$libinit$$00000011  c_w.l(libinit2.o)
    0x0800023e   0x0800023e   0x00000000   Code   RO          393    .ARM.Collect$$libinit$$00000013  c_w.l(libinit2.o)
    0x0800023e   0x0800023e   0x00000000   Code   RO          395    .ARM.Collect$$libinit$$00000015  c_w.l(libinit2.o)
    0x0800023e   0x0800023e   0x00000000   Code   RO          397    .ARM.Collect$$libinit$$00000017  c_w.l(libinit2.o)
    0x0800023e   0x0800023e   0x0000000a   Code   RO          398    .ARM.Collect$$libinit$$00000018  c_w.l(libinit2.o)
    0x08000248   0x08000248   0x00000000   Code   RO          399    .ARM.Collect$$libinit$$00000019  c_w.l(libinit2.o)
    0x08000248   0x08000248   0x00000000   Code   RO          401    .ARM.Collect$$libinit$$0000001B  c_w.l(libinit2.o)
    0x08000248   0x08000248   0x00000000   Code   RO          403    .ARM.Collect$$libinit$$0000001D  c_w.l(libinit2.o)
    0x08000248   0x08000248   0x00000000   Code   RO          405    .ARM.Collect$$libinit$$0000001F  c_w.l(libinit2.o)
    0x08000248   0x08000248   0x00000000   Code   RO          407    .ARM.Collect$$libinit$$00000021  c_w.l(libinit2.o)
    0x08000248   0x08000248   0x00000000   Code   RO          409    .ARM.Collect$$libinit$$00000023  c_w.l(libinit2.o)
    0x08000248   0x08000248   0x00000000   Code   RO          411    .ARM.Collect$$libinit$$00000025  c_w.l(libinit2.o)
    0x08000248   0x08000248   0x00000000   Code   RO          413    .ARM.Collect$$libinit$$00000027  c_w.l(libinit2.o)
    0x08000248   0x08000248   0x00000000   Code   RO          417    .ARM.Collect$$libinit$$0000002E  c_w.l(libinit2.o)
    0x08000248   0x08000248   0x00000000   Code   RO          419    .ARM.Collect$$libinit$$00000030  c_w.l(libinit2.o)
    0x08000248   0x08000248   0x00000000   Code   RO          421    .ARM.Collect$$libinit$$00000032  c_w.l(libinit2.o)
    0x08000248   0x08000248   0x00000000   Code   RO          423    .ARM.Collect$$libinit$$00000034  c_w.l(libinit2.o)
    0x08000248   0x08000248   0x00000002   Code   RO          424    .ARM.Collect$$libinit$$00000035  c_w.l(libinit2.o)
    0x0800024a   0x0800024a   0x00000002   Code   RO          460    .ARM.Collect$$libshutdown$$00000000  c_w.l(libshutdown.o)
    0x0800024c   0x0800024c   0x00000000   Code   RO          471    .ARM.Collect$$libshutdown$$00000002  c_w.l(libshutdown2.o)
    0x0800024c   0x0800024c   0x00000000   Code   RO          473    .ARM.Collect$$libshutdown$$00000004  c_w.l(libshutdown2.o)
    0x0800024c   0x0800024c   0x00000000   Code   RO          476    .ARM.Collect$$libshutdown$$00000007  c_w.l(libshutdown2.o)
    0x0800024c   0x0800024c   0x00000000   Code   RO          479    .ARM.Collect$$libshutdown$$0000000A  c_w.l(libshutdown2.o)
    0x0800024c   0x0800024c   0x00000000   Code   RO          481    .ARM.Collect$$libshutdown$$0000000C  c_w.l(libshutdown2.o)
    0x0800024c   0x0800024c   0x00000000   Code   RO          484    .ARM.Collect$$libshutdown$$0000000F  c_w.l(libshutdown2.o)
    0x0800024c   0x0800024c   0x00000002   Code   RO          485    .ARM.Collect$$libshutdown$$00000010  c_w.l(libshutdown2.o)
    0x0800024e   0x0800024e   0x00000000   Code   RO          232    .ARM.Collect$$rtentry$$00000000  c_w.l(__rtentry.o)
    0x0800024e   0x0800024e   0x00000000   Code   RO          283    .ARM.Collect$$rtentry$$00000002  c_w.l(__rtentry2.o)
    0x0800024e   0x0800024e   0x00000006   Code   RO          295    .ARM.Collect$$rtentry$$00000004  c_w.l(__rtentry4.o)
    0x08000254   0x08000254   0x00000000   Code   RO          285    .ARM.Collect$$rtentry$$00000009  c_w.l(__rtentry2.o)
    0x08000254   0x08000254   0x00000004   Code   RO          286    .ARM.Collect$$rtentry$$0000000A  c_w.l(__rtentry2.o)
    0x08000258   0x08000258   0x00000000   Code   RO          288    .ARM.Collect$$rtentry$$0000000C  c_w.l(__rtentry2.o)
    0x08000258   0x08000258   0x00000008   Code   RO          289    .ARM.Collect$$rtentry$$0000000D  c_w.l(__rtentry2.o)
    0x08000260   0x08000260   0x00000002   Code   RO          425    .ARM.Collect$$rtexit$$00000000  c_w.l(rtexit.o)
    0x08000262   0x08000262   0x00000000   Code   RO          434    .ARM.Collect$$rtexit$$00000002  c_w.l(rtexit2.o)
    0x08000262   0x08000262   0x00000004   Code   RO          435    .ARM.Collect$$rtexit$$00000003  c_w.l(rtexit2.o)
    0x08000266   0x08000266   0x00000006   Code   RO          436    .ARM.Collect$$rtexit$$00000004  c_w.l(rtexit2.o)
    0x0800026c   0x0800026c   0x0000008c   Code   RO            4    .text               startup_stm32l476xx.o
    0x080002f8   0x080002f8   0x00000028   Code   RO          162    .text               c_w.l(noretval__2sprintf.o)
    0x08000320   0x08000320   0x0000010e   Code   RO          174    .text               c_w.l(__printf_wp.o)
    0x0800042e   0x0800042e   0x0000008a   Code   RO          188    .text               c_w.l(rt_memcpy_v6.o)
    0x080004b8   0x080004b8   0x00000010   Code   RO          190    .text               c_w.l(aeabi_memset4.o)
    0x080004c8   0x080004c8   0x0000004e   Code   RO          192    .text               c_w.l(rt_memclr_w.o)
    0x08000516   0x08000516   0x00000006   Code   RO          194    .text               c_w.l(heapauxi.o)
    0x0800051c   0x0800051c   0x00000422   Code   RO          235    .text               c_w.l(_printf_fp_dec.o)
    0x0800093e   0x0800093e   0x00000002   PAD
    0x08000940   0x08000940   0x00000030   Code   RO          239    .text               c_w.l(_printf_char_common.o)
    0x08000970   0x08000970   0x0000000a   Code   RO          241    .text               c_w.l(_sputc.o)
    0x0800097a   0x0800097a   0x00000064   Code   RO          244    .text               c_w.l(rt_memcpy_w.o)
    0x080009de   0x080009de   0x00000002   PAD
    0x080009e0   0x080009e0   0x00000008   Code   RO          300    .text               c_w.l(rt_locale_intlibspace.o)
    0x080009e8   0x080009e8   0x0000008a   Code   RO          307    .text               c_w.l(lludiv10.o)
    0x08000a72   0x08000a72   0x00000002   PAD
    0x08000a74   0x08000a74   0x00000080   Code   RO          309    .text               c_w.l(_printf_fp_infnan.o)
    0x08000af4   0x08000af4   0x000000e4   Code   RO          313    .text               c_w.l(bigflt0.o)
    0x08000bd8   0x08000bd8   0x00000008   Code   RO          361    .text               c_w.l(libspace.o)
    0x08000be0   0x08000be0   0x0000004a   Code   RO          364    .text               c_w.l(sys_stackheap_outer.o)
    0x08000c2a   0x08000c2a   0x00000012   Code   RO          368    .text               c_w.l(exit.o)
    0x08000c3c   0x08000c3c   0x00000004   PAD
    0x08000c40   0x08000c40   0x0000007c   Code   RO          370    .text               c_w.l(strcmpv7em.o)
    0x08000cbc   0x08000cbc   0x0000000c   Code   RO          446    .text               c_w.l(sys_exit.o)
    0x08000cc8   0x08000cc8   0x00000002   Code   RO          461    .text               c_w.l(use_no_semi.o)
    0x08000cca   0x08000cca   0x00000000   Code   RO          463    .text               c_w.l(indicate_semi.o)
    0x08000cca   0x08000cca   0x00000002   PAD
    0x08000ccc   0x08000ccc   0x00000002   Code   RO          149    .text.I2C1_ER_IRQHandler  i2c.o
    0x08000cce   0x08000cce   0x00000002   PAD
    0x08000cd0   0x08000cd0   0x00000002   Code   RO          147    .text.I2C1_EV_IRQHandler  i2c.o
    0x08000cd2   0x08000cd2   0x00000002   PAD
    0x08000cd4   0x08000cd4   0x00000062   Code   RO          133    .text.I2C_GPIO_init  i2c.o
    0x08000d36   0x08000d36   0x00000002   PAD
    0x08000d38   0x08000d38   0x00000118   Code   RO          135    .text.I2C_Initialization  i2c.o
    0x08000e50   0x08000e50   0x00000094   Code   RO          143    .text.I2C_SendData  i2c.o
    0x08000ee4   0x08000ee4   0x00000018   Code   RO           25    .text.SysTick_Handler  main_basic.o
    0x08000efc   0x08000efc   0x0000006e   Code   RO           19    .text.TIM4_IRQHandler  main_basic.o
    0x08000f6a   0x08000f6a   0x00000002   PAD
    0x08000f6c   0x08000f6c   0x0000015a   Code   RO           23    .text.initialize_controller  main_basic.o
    0x080010c6   0x080010c6   0x00000002   PAD
    0x080010c8   0x080010c8   0x00000214   Code   RO           29    .text.main          main_basic.o
    0x080012dc   0x080012dc   0x0000001c   Code   RO           59    .text.ssd1306_Fill  ssd1306.o
    0x080012f8   0x080012f8   0x000002be   Code   RO           53    .text.ssd1306_Init  ssd1306.o
    0x080015b6   0x080015b6   0x00000002   PAD
    0x080015b8   0x080015b8   0x00000016   Code   RO           69    .text.ssd1306_SetCursor  ssd1306.o
    0x080015ce   0x080015ce   0x00000002   PAD
    0x080015d0   0x080015d0   0x0000009c   Code   RO           61    .text.ssd1306_UpdateScreen  ssd1306.o
    0x0800166c   0x0800166c   0x0000010e   Code   RO           65    .text.ssd1306_WriteChar  ssd1306.o
    0x0800177a   0x0800177a   0x00000002   PAD
    0x0800177c   0x0800177c   0x00000034   Code   RO           67    .text.ssd1306_WriteString  ssd1306.o
    0x080017b0   0x080017b0   0x0000003e   Code   RO          316    CL$$btod_d2e        c_w.l(btod.o)
    0x080017ee   0x080017ee   0x00000046   Code   RO          318    CL$$btod_d2e_denorm_low  c_w.l(btod.o)
    0x08001834   0x08001834   0x00000060   Code   RO          317    CL$$btod_d2e_norm_op1  c_w.l(btod.o)
    0x08001894   0x08001894   0x00000338   Code   RO          326    CL$$btod_div_common  c_w.l(btod.o)
    0x08001bcc   0x08001bcc   0x000000dc   Code   RO          323    CL$$btod_e2e        c_w.l(btod.o)
    0x08001ca8   0x08001ca8   0x0000002a   Code   RO          320    CL$$btod_ediv       c_w.l(btod.o)
    0x08001cd2   0x08001cd2   0x0000002a   Code   RO          319    CL$$btod_emul       c_w.l(btod.o)
    0x08001cfc   0x08001cfc   0x00000244   Code   RO          325    CL$$btod_mult_common  c_w.l(btod.o)
    0x08001f40   0x08001f40   0x00000030   Code   RO          357    i.__ARM_fpclassify  m_wm.l(fpclassify.o)
    0x08001f70   0x08001f70   0x0000000e   Code   RO          176    i._is_digit         c_w.l(__printf_wp.o)
    0x08001f7e   0x08001f7e   0x00000002   PAD
    0x08001f80   0x08001f80   0x0000002c   Code   RO          341    locale$$code        c_w.l(lc_numeric_c.o)
    0x08001fac   0x08001fac   0x00000062   Code   RO          198    x$fpl$d2f           fz_wm.l(d2f.o)
    0x0800200e   0x0800200e   0x00000002   PAD
    0x08002010   0x08002010   0x000002b8   Code   RO          201    x$fpl$ddiv          fz_wm.l(ddiv.o)
    0x080022c8   0x080022c8   0x00000026   Code   RO          208    x$fpl$dfltu         fz_wm.l(dflt_clz.o)
    0x080022ee   0x080022ee   0x0000009c   Code   RO          248    x$fpl$dnaninf       fz_wm.l(dnaninf.o)
    0x0800238a   0x0800238a   0x0000000c   Code   RO          250    x$fpl$dretinf       fz_wm.l(dretinf.o)
    0x08002396   0x08002396   0x00000002   PAD
    0x08002398   0x08002398   0x00000056   Code   RO          216    x$fpl$f2d           fz_wm.l(f2d.o)
    0x080023ee   0x080023ee   0x0000008c   Code   RO          252    x$fpl$fnaninf       fz_wm.l(fnaninf.o)
    0x0800247a   0x0800247a   0x0000001a   Code   RO          431    x$fpl$fpinit        fz_wm.l(fpinit.o)
    0x08002494   0x08002494   0x0000000a   Code   RO          254    x$fpl$fretinf       fz_wm.l(fretinf.o)
    0x0800249e   0x0800249e   0x00000004   Code   RO          218    x$fpl$printf1       fz_wm.l(printf1.o)
    0x080024a2   0x080024a2   0x00000000   Code   RO          256    x$fpl$usenofp       fz_wm.l(usenofp.o)
    0x080024a2   0x080024a2   0x00000002   PAD
    0x080024a4   0x080024a4   0x00000094   Data   RO          314    .constdata          c_w.l(bigflt0.o)
    0x08002538   0x08002538   0x0000134c   Data   RO          102    .rodata.Font16x26   ssd1306_fonts.o
    0x08003884   0x08003884   0x0000076c   Data   RO           97    .rodata.Font7x10    ssd1306_fonts.o
    0x08003ff0   0x08003ff0   0x00000020   Data   RO          513    Region$$Table       anon$$obj.o
    0x08004010   0x08004010   0x0000001c   Data   RO          340    locale$$data        c_w.l(lc_numeric_c.o)


    Execution Region RW_IRAM1 (Exec base: 0x20000000, Load base: 0x08004030, Size: 0x00000a90, Max: 0x00018000, ABSOLUTE)

    Exec Addr    Load Addr    Size         Type   Attr      Idx    E Section Name        Object

    0x20000000   0x08004030   0x00000008   Data   RW          100    .data.Font_16x26    ssd1306_fonts.o
    0x20000008   0x08004038   0x00000008   Data   RW           98    .data.Font_7x10     ssd1306_fonts.o
    0x20000010        -       0x00000060   Zero   RW          362    .bss                c_w.l(libspace.o)
    0x20000070        -       0x00000002   Zero   RW           84    .bss.SSD1306.0      ssd1306.o
    0x20000072        -       0x00000002   Zero   RW           85    .bss.SSD1306.1      ssd1306.o
    0x20000074        -       0x00000001   Zero   RW           86    .bss.SSD1306.4      ssd1306.o
    0x20000075   0x08004040   0x00000003   PAD
    0x20000078        -       0x00000400   Zero   RW           83    .bss.SSD1306_Buffer  ssd1306.o
    0x20000478        -       0x00000004   Zero   RW           35    .bss.TimeDelay      main_basic.o
    0x2000047c        -       0x00000004   Zero   RW           34    .bss.distance       main_basic.o
    0x20000480        -       0x00000004   Zero   RW           33    .bss.falling_edge   main_basic.o
    0x20000484        -       0x00000004   Zero   RW           31    .bss.overflow_count  main_basic.o
    0x20000488        -       0x00000004   Zero   RW           32    .bss.rising_edge    main_basic.o
    0x2000048c   0x08004040   0x00000004   PAD
    0x20000490        -       0x00000200   Zero   RW            2    HEAP                startup_stm32l476xx.o
    0x20000690        -       0x00000400   Zero   RW            1    STACK               startup_stm32l476xx.o


==============================================================================

Image component sizes


      Code (inc. data)   RO Data    RW Data    ZI Data      Debug   Object Name

       530          0          0          0          0       4706   i2c.o
      1012        140          0          0         20       8057   main_basic.o
      1230          0          0          0       1029      13958   ssd1306.o
         0          0       6840         16          0        926   ssd1306_fonts.o
       140         48        392          0       1536        868   startup_stm32l476xx.o

    ----------------------------------------------------------------------
      2928        188       7264         16       2592      28515   Object Totals
         0          0         32          0          0          0   (incl. Generated)
        16          0          0          0          7          0   (incl. Padding)

    ----------------------------------------------------------------------

      Code (inc. data)   RO Data    RW Data    ZI Data      Debug   Library Member Name

         8          0          0          0          0         68   __main.o
       284          0          0          0          0        156   __printf_wp.o
         0          0          0          0          0          0   __rtentry.o
        12          0          0          0          0          0   __rtentry2.o
         6          0          0          0          0          0   __rtentry4.o
        94          8          0          0          0          0   __scatter.o
        26          0          0          0          0          0   __scatter_copy.o
        28          0          0          0          0          0   __scatter_zi.o
        48          6          0          0          0         96   _printf_char_common.o
         6          0          0          0          0          0   _printf_f.o
      1058          0          0          0          0        148   _printf_fp_dec.o
       128         16          0          0          0         84   _printf_fp_infnan.o
         0          0          0          0          0          0   _printf_percent.o
         4          0          0          0          0          0   _printf_percent_end.o
        10          0          0          0          0         68   _sputc.o
        16          0          0          0          0         68   aeabi_memset4.o
       228          4        148          0          0         96   bigflt0.o
      1936        128          0          0          0        668   btod.o
        18          0          0          0          0         80   exit.o
         6          0          0          0          0        152   heapauxi.o
         0          0          0          0          0          0   indicate_semi.o
        44         10         28          0          0         76   lc_numeric_c.o
         2          0          0          0          0          0   libinit.o
        22          0          0          0          0          0   libinit2.o
         2          0          0          0          0          0   libshutdown.o
         2          0          0          0          0          0   libshutdown2.o
         8          4          0          0         96         68   libspace.o
       138          0          0          0          0         80   lludiv10.o
        40          6          0          0          0         84   noretval__2sprintf.o
         8          4          0          0          0         68   rt_locale_intlibspace.o
        78          0          0          0          0         80   rt_memclr_w.o
       138          0          0          0          0         68   rt_memcpy_v6.o
       100          0          0          0          0         80   rt_memcpy_w.o
         2          0          0          0          0          0   rtexit.o
        10          0          0          0          0          0   rtexit2.o
       124          0          0          0          0         88   strcmpv7em.o
        12          4          0          0          0         68   sys_exit.o
        74          0          0          0          0         80   sys_stackheap_outer.o
         2          0          0          0          0         68   use_no_semi.o
        98          4          0          0          0        140   d2f.o
       696        140          0          0          0        264   ddiv.o
        38          0          0          0          0        116   dflt_clz.o
       156          4          0          0          0        140   dnaninf.o
        12          0          0          0          0        116   dretinf.o
        86          4          0          0          0        132   f2d.o
       140          4          0          0          0        132   fnaninf.o
        26          0          0          0          0        116   fpinit.o
        10          0          0          0          0        116   fretinf.o
         4          0          0          0          0        116   printf1.o
         0          0          0          0          0          0   usenofp.o
        48          0          0          0          0        124   fpclassify.o

    ----------------------------------------------------------------------
      6060        346        176          0         96       4104   Library Totals
        24          0          0          0          0          0   (incl. Padding)

    ----------------------------------------------------------------------

      Code (inc. data)   RO Data    RW Data    ZI Data      Debug   Library Name

      4722        190        176          0         96       2592   c_w.l
      1266        156          0          0          0       1388   fz_wm.l
        48          0          0          0          0        124   m_wm.l

    ----------------------------------------------------------------------
      6060        346        176          0         96       4104   Library Totals

    ----------------------------------------------------------------------

==============================================================================


      Code (inc. data)   RO Data    RW Data    ZI Data      Debug   

      8988        534       7440         16       2688      30343   Grand Totals
      8988        534       7440         16       2688      30343   ELF Image Totals
      8988        534       7440         16          0          0   ROM Totals

==============================================================================

    Total RO  Size (Code + RO Data)                16428 (  16.04kB)
    Total RW  Size (RW Data + ZI Data)              2704 (   2.64kB)
    Total ROM Size (Code + RO Data + RW Data)      16444 (  16.06kB)

==============================================================================

